
> test-project@0.0.0 test
> ng test

[33mΓ¥»[39m Building...
[32mΓ£ö[39m Building...
[1mInitial chunk files[22m                      [2m | [22m[1mNames[22m                                 [2m | [22m [1mRaw size[22m
[32mchunk-7WXISO2M.js[39m                        [2m | [22m[2m-[22m                                     [2m | [22m  [36m2.30 MB[39m[2m | [22m
[32mpolyfills.js[39m                             [2m | [22m[2mpolyfills[22m                             [2m | [22m  [36m1.03 MB[39m[2m | [22m
[32mspec-transaction-report.component.spec.js[39m[2m | [22m[2mspec-transaction-report.component.spec[22m[2m | [22m[36m723.31 kB[39m[2m | [22m
[32mchunk-PSTCQHWN.js[39m                        [2m | [22m[2m-[22m                                     [2m | [22m[36m680.50 kB[39m[2m | [22m
[32mchunk-ZAFRFI6Y.js[39m                        [2m | [22m[2m-[22m                                     [2m | [22m[36m536.60 kB[39m[2m | [22m
[32mchunk-B66DWOH7.js[39m                        [2m | [22m[2m-[22m                                     [2m | [22m[36m253.82 kB[39m[2m | [22m
[32mchunk-DP4SPLMN.js[39m                        [2m | [22m[2m-[22m                                     [2m | [22m[36m197.28 kB[39m[2m | [22m
[32mstyles.css[39m                               [2m | [22m[2mstyles[22m                                [2m | [22m[36m111.84 kB[39m[2m | [22m
[32mchunk-XHOUYXMH.js[39m                        [2m | [22m[2m-[22m                                     [2m | [22m [36m96.37 kB[39m[2m | [22m
[32mjasmine-cleanup-1.js[39m                     [2m | [22m[2mjasmine-cleanup-1[22m                     [2m | [22m [36m67.20 kB[39m[2m | [22m
[32mchunk-4QJITCOI.js[39m                        [2m | [22m[2m-[22m                                     [2m | [22m [36m43.59 kB[39m[2m | [22m
[32mtest_main.js[39m                             [2m | [22m[2mtest_main[22m                             [2m | [22m [36m21.85 kB[39m[2m | [22m
[32mspec-login.component.spec.js[39m             [2m | [22m[2mspec-login.component.spec[22m             [2m | [22m [36m19.30 kB[39m[2m | [22m
[32mchunk-HKN7WHMA.js[39m                        [2m | [22m[2m-[22m                                     [2m | [22m [36m11.15 kB[39m[2m | [22m
[32mspec-auth.service.spec.js[39m                [2m | [22m[2mspec-auth.service.spec[22m                [2m | [22m  [36m7.06 kB[39m[2m | [22m
[32mspec-common.service.spec.js[39m              [2m | [22m[2mspec-common.service.spec[22m              [2m | [22m  [36m6.69 kB[39m[2m | [22m
[32mspec-transaction.service.spec.js[39m         [2m | [22m[2mspec-transaction.service.spec[22m         [2m | [22m  [36m6.41 kB[39m[2m | [22m
[32mspec-auth.interceptor.spec.js[39m            [2m | [22m[2mspec-auth.interceptor.spec[22m            [2m | [22m  [36m5.72 kB[39m[2m | [22m
[32mchunk-2BGSKRJG.js[39m                        [2m | [22m[2m-[22m                                     [2m | [22m  [36m4.10 kB[39m[2m | [22m
[32mchunk-V6FC2DIM.js[39m                        [2m | [22m[2m-[22m                                     [2m | [22m  [36m2.42 kB[39m[2m | [22m
[32mspec-app.spec.js[39m                         [2m | [22m[2mspec-app.spec[22m                         [2m | [22m  [36m2.15 kB[39m[2m | [22m
[32mchunk-AOEHBUGF.js[39m                        [2m | [22m[2m-[22m                                     [2m | [22m  [36m2.10 kB[39m[2m | [22m
[32mjasmine-cleanup-0.js[39m                     [2m | [22m[2mjasmine-cleanup-0[22m                     [2m | [22m[36m519 bytes[39m[2m | [22m

[1m [22m                                        [2m | [22m[1mInitial total[22m                         [2m | [22m  [1m6.13 MB[22m

Application bundle generation complete. [2.692 seconds] - 2025-11-02T07:55:39.110Z

Watch mode enabled. Watching for file changes...
[33m02 11 2025 13:25:39.827:WARN [karma]: [39mNo captured browser, open http://localhost:9883/
[32m02 11 2025 13:25:39.845:INFO [karma-server]: [39mKarma v6.4.4 server started at http://localhost:9883/
[32m02 11 2025 13:25:39.846:INFO [launcher]: [39mLaunching browsers Chrome with concurrency unlimited
[32m02 11 2025 13:25:39.850:INFO [launcher]: [39mStarting browser Chrome
[32m02 11 2025 13:25:41.131:INFO [Chrome 141.0.0.0 (Windows 10)]: [39mConnected on socket MGn5A_qzEdZTaKP1AAAB with id 58961443
Chrome 141.0.0.0 (Windows 10): Executed 0 of 117[32m SUCCESS[39m (0 secs / 0 secs)
[1A[2KChrome 141.0.0.0 (Windows 10): Executed 1 of 117[32m SUCCESS[39m (0 secs / 0.088 secs)
[1A[2KChrome 141.0.0.0 (Windows 10): Executed 2 of 117[32m SUCCESS[39m (0 secs / 0.11 secs)
[1A[2KLOG: [36m'User info loaded:', Object{email: 'test@example.com'}[39m
Chrome 141.0.0.0 (Windows 10): Executed 2 of 117[32m SUCCESS[39m (0 secs / 0.11 secs)
LOG: 'User info loaded:', Object{email: 'test@example.com'}
[1A[2KLOG: [36m'Loading transactions...', 'Append:', false, 'Page:', 1[39m
Chrome 141.0.0.0 (Windows 10): Executed 2 of 117[32m SUCCESS[39m (0 secs / 0.11 secs)
LOG: 'Loading transactions...', 'Append:', false, 'Page:', 1
[1A[2KLOG: [36m'Request:', Object{pageNumber: 1, pageSize: 20}[39m
Chrome 141.0.0.0 (Windows 10): Executed 2 of 117[32m SUCCESS[39m (0 secs / 0.11 secs)
LOG: 'Request:', Object{pageNumber: 1, pageSize: 20}
[1A[2KLOG: [36m'Response received:', Object{items: [Object{id: ..., refNum: ..., service: ..., serviceName: ..., status: ..., amount: ..., fee: ..., totalPayableAmount: ..., senderName: ..., receiverName: ..., firstName: ..., lastName: ..., customerNumber: ..., dob: ..., idNumber: ..., idType: ..., agentName: ..., agentId: ..., location: ..., locationId: ..., country: ..., countryId: ..., principle: ..., principleId: ..., mgRefNum: ..., profRisk: ..., countryRisk: ..., isAlert: ..., suspiciousNote: ..., createdBy: ..., createdOn: ...}], totalCount: 1}[39m
Chrome 141.0.0.0 (Windows 10): Executed 2 of 117[32m SUCCESS[39m (0 secs / 0.11 secs)
LOG: 'Response received:', Object{items: [Object{id: ..., refNum: ..., service: ..., serviceName: ..., status: ..., amount: ..., fee: ..., totalPayableAmount: ..., senderName: ..., receiverName: ..., firstName: ..., lastName: ..., customerNumber: ..., dob: ..., idNumber: ..., idType: ..., agentName: ..., agentId: ..., location: ..., locationId: ..., country: ..., countryId: ..., principle: ..., principleId: ..., mgRefNum: ..., profRisk: ..., countryRisk: ..., isAlert: ..., suspiciousNote: ..., createdBy: ..., createdOn: ...}], totalCount: 1}
[1A[2KLOG: [36m'Transactions loaded:', 1, 'Total:', 1, 'Has more:', false[39m
Chrome 141.0.0.0 (Windows 10): Executed 2 of 117[32m SUCCESS[39m (0 secs / 0.11 secs)
LOG: 'Transactions loaded:', 1, 'Total:', 1, 'Has more:', false
[1A[2KLOG: [36m'Loading complete'[39m
Chrome 141.0.0.0 (Windows 10): Executed 2 of 117[32m SUCCESS[39m (0 secs / 0.11 secs)
LOG: 'Loading complete'
[1A[2KChrome 141.0.0.0 (Windows 10): Executed 3 of 117[32m SUCCESS[39m (0 secs / 0.157 secs)
[1A[2KLOG: [36m'Already loading, skipping...'[39m
Chrome 141.0.0.0 (Windows 10): Executed 3 of 117[32m SUCCESS[39m (0 secs / 0.157 secs)
LOG: 'Already loading, skipping...'
[1A[2KLOG: [36m'User info loaded:', Object{email: 'test@example.com'}[39m
Chrome 141.0.0.0 (Windows 10): Executed 3 of 117[32m SUCCESS[39m (0 secs / 0.157 secs)
LOG: 'User info loaded:', Object{email: 'test@example.com'}
[1A[2KLOG: [36m'Loading transactions...', 'Append:', true, 'Page:', 1[39m
Chrome 141.0.0.0 (Windows 10): Executed 3 of 117[32m SUCCESS[39m (0 secs / 0.157 secs)
LOG: 'Loading transactions...', 'Append:', true, 'Page:', 1
[1A[2KLOG: [36m'loadingMore set to TRUE'[39m
Chrome 141.0.0.0 (Windows 10): Executed 3 of 117[32m SUCCESS[39m (0 secs / 0.157 secs)
LOG: 'loadingMore set to TRUE'
[1A[2KLOG: [36m'Request:', Object{pageNumber: 1, pageSize: 20}[39m
Chrome 141.0.0.0 (Windows 10): Executed 3 of 117[32m SUCCESS[39m (0 secs / 0.157 secs)
LOG: 'Request:', Object{pageNumber: 1, pageSize: 20}
[1A[2KLOG: [36m'Response received:', Object{items: [Object{id: ..., refNum: ..., service: ..., serviceName: ..., status: ..., amount: ..., fee: ..., totalPayableAmount: ..., senderName: ..., receiverName: ..., firstName: ..., lastName: ..., customerNumber: ..., dob: ..., idNumber: ..., idType: ..., agentName: ..., agentId: ..., location: ..., locationId: ..., country: ..., countryId: ..., principle: ..., principleId: ..., mgRefNum: ..., profRisk: ..., countryRisk: ..., isAlert: ..., suspiciousNote: ..., createdBy: ..., createdOn: ...}], totalCount: 2}[39m
Chrome 141.0.0.0 (Windows 10): Executed 3 of 117[32m SUCCESS[39m (0 secs / 0.157 secs)
LOG: 'Response received:', Object{items: [Object{id: ..., refNum: ..., service: ..., serviceName: ..., status: ..., amount: ..., fee: ..., totalPayableAmount: ..., senderName: ..., receiverName: ..., firstName: ..., lastName: ..., customerNumber: ..., dob: ..., idNumber: ..., idType: ..., agentName: ..., agentId: ..., location: ..., locationId: ..., country: ..., countryId: ..., principle: ..., principleId: ..., mgRefNum: ..., profRisk: ..., countryRisk: ..., isAlert: ..., suspiciousNote: ..., createdBy: ..., createdOn: ...}], totalCount: 2}
[1A[2KLOG: [36m'Transactions loaded:', 2, 'Total:', 2, 'Has more:', false[39m
Chrome 141.0.0.0 (Windows 10): Executed 3 of 117[32m SUCCESS[39m (0 secs / 0.157 secs)
LOG: 'Transactions loaded:', 2, 'Total:', 2, 'Has more:', false
[1A[2KLOG: [36m'Loading complete'[39m
Chrome 141.0.0.0 (Windows 10): Executed 3 of 117[32m SUCCESS[39m (0 secs / 0.157 secs)
LOG: 'Loading complete'
[1A[2KLOG: [36m'Already loading, skipping...'[39m
Chrome 141.0.0.0 (Windows 10): Executed 3 of 117[32m SUCCESS[39m (0 secs / 0.157 secs)
LOG: 'Already loading, skipping...'
[1A[2KLOG: [36m'Loading state cleared - loading:', false, 'loadingMore:', false[39m
Chrome 141.0.0.0 (Windows 10): Executed 3 of 117[32m SUCCESS[39m (0 secs / 0.157 secs)
LOG: 'Loading state cleared - loading:', false, 'loadingMore:', false
[1A[2KLOG: [36m'Loading state cleared - loading:', false, 'loadingMore:', false[39m
Chrome 141.0.0.0 (Windows 10): Executed 3 of 117[32m SUCCESS[39m (0 secs / 0.157 secs)
LOG: 'Loading state cleared - loading:', false, 'loadingMore:', false
[1A[2KChrome 141.0.0.0 (Windows 10): Executed 4 of 117[32m SUCCESS[39m (0 secs / 0.792 secs)
[1A[2KLOG: [36m'User info loaded:', Object{email: 'test@example.com'}[39m
Chrome 141.0.0.0 (Windows 10): Executed 4 of 117[32m SUCCESS[39m (0 secs / 0.792 secs)
LOG: 'User info loaded:', Object{email: 'test@example.com'}
[1A[2KLOG: [36m'Loading transactions...', 'Append:', false, 'Page:', 1[39m
Chrome 141.0.0.0 (Windows 10): Executed 4 of 117[32m SUCCESS[39m (0 secs / 0.792 secs)
LOG: 'Loading transactions...', 'Append:', false, 'Page:', 1
[1A[2KLOG: [36m'Request:', Object{pageNumber: 1, pageSize: 20}[39m
Chrome 141.0.0.0 (Windows 10): Executed 4 of 117[32m SUCCESS[39m (0 secs / 0.792 secs)
LOG: 'Request:', Object{pageNumber: 1, pageSize: 20}
[1A[2KLOG: [36m'Response received:', Object{items: [Object{id: ..., refNum: ..., service: ..., serviceName: ..., status: ..., amount: ..., fee: ..., totalPayableAmount: ..., senderName: ..., receiverName: ..., firstName: ..., lastName: ..., customerNumber: ..., dob: ..., idNumber: ..., idType: ..., agentName: ..., agentId: ..., location: ..., locationId: ..., country: ..., countryId: ..., principle: ..., principleId: ..., mgRefNum: ..., profRisk: ..., countryRisk: ..., isAlert: ..., suspiciousNote: ..., createdBy: ..., createdOn: ...}], totalCount: 1}[39m
Chrome 141.0.0.0 (Windows 10): Executed 4 of 117[32m SUCCESS[39m (0 secs / 0.792 secs)
LOG: 'Response received:', Object{items: [Object{id: ..., refNum: ..., service: ..., serviceName: ..., status: ..., amount: ..., fee: ..., totalPayableAmount: ..., senderName: ..., receiverName: ..., firstName: ..., lastName: ..., customerNumber: ..., dob: ..., idNumber: ..., idType: ..., agentName: ..., agentId: ..., location: ..., locationId: ..., country: ..., countryId: ..., principle: ..., principleId: ..., mgRefNum: ..., profRisk: ..., countryRisk: ..., isAlert: ..., suspiciousNote: ..., createdBy: ..., createdOn: ...}], totalCount: 1}
[1A[2KLOG: [36m'Transactions loaded:', 1, 'Total:', 1, 'Has more:', false[39m
Chrome 141.0.0.0 (Windows 10): Executed 4 of 117[32m SUCCESS[39m (0 secs / 0.792 secs)
LOG: 'Transactions loaded:', 1, 'Total:', 1, 'Has more:', false
[1A[2KLOG: [36m'Loading complete'[39m
Chrome 141.0.0.0 (Windows 10): Executed 4 of 117[32m SUCCESS[39m (0 secs / 0.792 secs)
LOG: 'Loading complete'
[1A[2KLOG: [36m'Already loading, skipping...'[39m
Chrome 141.0.0.0 (Windows 10): Executed 4 of 117[32m SUCCESS[39m (0 secs / 0.792 secs)
LOG: 'Already loading, skipping...'
[1A[2KLOG: [36m'Loading state cleared - loading:', false, 'loadingMore:', false[39m
Chrome 141.0.0.0 (Windows 10): Executed 4 of 117[32m SUCCESS[39m (0 secs / 0.792 secs)
LOG: 'Loading state cleared - loading:', false, 'loadingMore:', false
[1A[2KChrome 141.0.0.0 (Windows 10): Executed 5 of 117[32m SUCCESS[39m (0 secs / 1.424 secs)
[1A[2KLOG: [36m'User info loaded:', Object{email: 'test@example.com'}[39m
Chrome 141.0.0.0 (Windows 10): Executed 5 of 117[32m SUCCESS[39m (0 secs / 1.424 secs)
LOG: 'User info loaded:', Object{email: 'test@example.com'}
[1A[2KLOG: [36m'Already loading, skipping...'[39m
Chrome 141.0.0.0 (Windows 10): Executed 5 of 117[32m SUCCESS[39m (0 secs / 1.424 secs)
LOG: 'Already loading, skipping...'
[1A[2KChrome 141.0.0.0 (Windows 10): Executed 6 of 117[32m SUCCESS[39m (0 secs / 1.447 secs)
[1A[2KLOG: [36m'Already loading, skipping...'[39m
Chrome 141.0.0.0 (Windows 10): Executed 6 of 117[32m SUCCESS[39m (0 secs / 1.447 secs)
LOG: 'Already loading, skipping...'
[1A[2KLOG: [36m'User info loaded:', Object{email: 'test@example.com'}[39m
Chrome 141.0.0.0 (Windows 10): Executed 6 of 117[32m SUCCESS[39m (0 secs / 1.447 secs)
LOG: 'User info loaded:', Object{email: 'test@example.com'}
[1A[2KLOG: [36m'Loading transactions...', 'Append:', false, 'Page:', 1[39m
Chrome 141.0.0.0 (Windows 10): Executed 6 of 117[32m SUCCESS[39m (0 secs / 1.447 secs)
LOG: 'Loading transactions...', 'Append:', false, 'Page:', 1
[1A[2KLOG: [36m'Request:', Object{pageNumber: 1, pageSize: 20}[39m
Chrome 141.0.0.0 (Windows 10): Executed 6 of 117[32m SUCCESS[39m (0 secs / 1.447 secs)
LOG: 'Request:', Object{pageNumber: 1, pageSize: 20}
[1A[2KERROR: [36m'Error loading transactions:', Object{error: Object{message: 'Server error'}}[39m
Chrome 141.0.0.0 (Windows 10): Executed 6 of 117[32m SUCCESS[39m (0 secs / 1.447 secs)
ERROR: 'Error loading transactions:', Object{error: Object{message: 'Server error'}}
[1A[2KLOG: [36m'Loading transactions...', 'Append:', false, 'Page:', 1[39m
Chrome 141.0.0.0 (Windows 10): Executed 6 of 117[32m SUCCESS[39m (0 secs / 1.447 secs)
LOG: 'Loading transactions...', 'Append:', false, 'Page:', 1
[1A[2KLOG: [36m'Request:', Object{pageNumber: 1, pageSize: 20}[39m
Chrome 141.0.0.0 (Windows 10): Executed 6 of 117[32m SUCCESS[39m (0 secs / 1.447 secs)
LOG: 'Request:', Object{pageNumber: 1, pageSize: 20}
[1A[2KERROR: [36m'Error loading transactions:', Object{error: Object{message: 'Server error'}}[39m
Chrome 141.0.0.0 (Windows 10): Executed 6 of 117[32m SUCCESS[39m (0 secs / 1.447 secs)
ERROR: 'Error loading transactions:', Object{error: Object{message: 'Server error'}}
[1A[2KChrome 141.0.0.0 (Windows 10): Executed 7 of 117[32m SUCCESS[39m (0 secs / 2.075 secs)
[1A[2KLOG: [36m'User info loaded:', Object{email: 'test@example.com'}[39m
Chrome 141.0.0.0 (Windows 10): Executed 7 of 117[32m SUCCESS[39m (0 secs / 2.075 secs)
LOG: 'User info loaded:', Object{email: 'test@example.com'}
[1A[2KLOG: [36m'Loading transactions...', 'Append:', true, 'Page:', 1[39m
Chrome 141.0.0.0 (Windows 10): Executed 7 of 117[32m SUCCESS[39m (0 secs / 2.075 secs)
LOG: 'Loading transactions...', 'Append:', true, 'Page:', 1
[1A[2KLOG: [36m'loadingMore set to TRUE'[39m
Chrome 141.0.0.0 (Windows 10): Executed 7 of 117[32m SUCCESS[39m (0 secs / 2.075 secs)
LOG: 'loadingMore set to TRUE'
[1A[2KLOG: [36m'Request:', Object{pageNumber: 1, pageSize: 20}[39m
Chrome 141.0.0.0 (Windows 10): Executed 7 of 117[32m SUCCESS[39m (0 secs / 2.075 secs)
LOG: 'Request:', Object{pageNumber: 1, pageSize: 20}
[1A[2KLOG: [36m'Response received:', Object{items: [Object{id: ..., refNum: ..., service: ..., serviceName: ..., status: ..., amount: ..., fee: ..., totalPayableAmount: ..., senderName: ..., receiverName: ..., firstName: ..., lastName: ..., customerNumber: ..., dob: ..., idNumber: ..., idType: ..., agentName: ..., agentId: ..., location: ..., locationId: ..., country: ..., countryId: ..., principle: ..., principleId: ..., mgRefNum: ..., profRisk: ..., countryRisk: ..., isAlert: ..., suspiciousNote: ..., createdBy: ..., createdOn: ...}], totalCount: 1}[39m
Chrome 141.0.0.0 (Windows 10): Executed 7 of 117[32m SUCCESS[39m (0 secs / 2.075 secs)
LOG: 'Response received:', Object{items: [Object{id: ..., refNum: ..., service: ..., serviceName: ..., status: ..., amount: ..., fee: ..., totalPayableAmount: ..., senderName: ..., receiverName: ..., firstName: ..., lastName: ..., customerNumber: ..., dob: ..., idNumber: ..., idType: ..., agentName: ..., agentId: ..., location: ..., locationId: ..., country: ..., countryId: ..., principle: ..., principleId: ..., mgRefNum: ..., profRisk: ..., countryRisk: ..., isAlert: ..., suspiciousNote: ..., createdBy: ..., createdOn: ...}], totalCount: 1}
[1A[2KLOG: [36m'Transactions loaded:', 1, 'Total:', 1, 'Has more:', false[39m
Chrome 141.0.0.0 (Windows 10): Executed 7 of 117[32m SUCCESS[39m (0 secs / 2.075 secs)
LOG: 'Transactions loaded:', 1, 'Total:', 1, 'Has more:', false
[1A[2KLOG: [36m'Loading complete'[39m
Chrome 141.0.0.0 (Windows 10): Executed 7 of 117[32m SUCCESS[39m (0 secs / 2.075 secs)
LOG: 'Loading complete'
[1A[2KChrome 141.0.0.0 (Windows 10): Executed 8 of 117[32m SUCCESS[39m (0 secs / 2.098 secs)
[1A[2KLOG: [36m'Already loading, skipping...'[39m
Chrome 141.0.0.0 (Windows 10): Executed 8 of 117[32m SUCCESS[39m (0 secs / 2.098 secs)
LOG: 'Already loading, skipping...'
[1A[2KLOG: [36m'User info loaded:', Object{email: 'test@example.com'}[39m
Chrome 141.0.0.0 (Windows 10): Executed 8 of 117[32m SUCCESS[39m (0 secs / 2.098 secs)
LOG: 'User info loaded:', Object{email: 'test@example.com'}
[1A[2KLOG: [36m'Already loading, skipping...'[39m
Chrome 141.0.0.0 (Windows 10): Executed 8 of 117[32m SUCCESS[39m (0 secs / 2.098 secs)
LOG: 'Already loading, skipping...'
[1A[2KChrome 141.0.0.0 (Windows 10): Executed 9 of 117[32m SUCCESS[39m (0 secs / 2.119 secs)
[1A[2KLOG: [36m'Already loading, skipping...'[39m
Chrome 141.0.0.0 (Windows 10): Executed 9 of 117[32m SUCCESS[39m (0 secs / 2.119 secs)
LOG: 'Already loading, skipping...'
[1A[2KLOG: [36m'User info loaded:', Object{email: 'test@example.com'}[39m
Chrome 141.0.0.0 (Windows 10): Executed 9 of 117[32m SUCCESS[39m (0 secs / 2.119 secs)
LOG: 'User info loaded:', Object{email: 'test@example.com'}
[1A[2KLOG: [36m'Loading transactions...', 'Append:', false, 'Page:', 1[39m
Chrome 141.0.0.0 (Windows 10): Executed 9 of 117[32m SUCCESS[39m (0 secs / 2.119 secs)
LOG: 'Loading transactions...', 'Append:', false, 'Page:', 1
[1A[2KLOG: [36m'Request:', Object{pageNumber: 1, pageSize: 20}[39m
Chrome 141.0.0.0 (Windows 10): Executed 9 of 117[32m SUCCESS[39m (0 secs / 2.119 secs)
LOG: 'Request:', Object{pageNumber: 1, pageSize: 20}
[1A[2KLOG: [36m'Response received:', Object{items: [Object{id: ..., refNum: ..., service: ..., serviceName: ..., status: ..., amount: ..., fee: ..., totalPayableAmount: ..., senderName: ..., receiverName: ..., firstName: ..., lastName: ..., customerNumber: ..., dob: ..., idNumber: ..., idType: ..., agentName: ..., agentId: ..., location: ..., locationId: ..., country: ..., countryId: ..., principle: ..., principleId: ..., mgRefNum: ..., profRisk: ..., countryRisk: ..., isAlert: ..., suspiciousNote: ..., createdBy: ..., createdOn: ...}], totalCount: 1}[39m
Chrome 141.0.0.0 (Windows 10): Executed 9 of 117[32m SUCCESS[39m (0 secs / 2.119 secs)
LOG: 'Response received:', Object{items: [Object{id: ..., refNum: ..., service: ..., serviceName: ..., status: ..., amount: ..., fee: ..., totalPayableAmount: ..., senderName: ..., receiverName: ..., firstName: ..., lastName: ..., customerNumber: ..., dob: ..., idNumber: ..., idType: ..., agentName: ..., agentId: ..., location: ..., locationId: ..., country: ..., countryId: ..., principle: ..., principleId: ..., mgRefNum: ..., profRisk: ..., countryRisk: ..., isAlert: ..., suspiciousNote: ..., createdBy: ..., createdOn: ...}], totalCount: 1}
[1A[2KLOG: [36m'Transactions loaded:', 1, 'Total:', 1, 'Has more:', false[39m
Chrome 141.0.0.0 (Windows 10): Executed 9 of 117[32m SUCCESS[39m (0 secs / 2.119 secs)
LOG: 'Transactions loaded:', 1, 'Total:', 1, 'Has more:', false
[1A[2KLOG: [36m'Loading complete'[39m
Chrome 141.0.0.0 (Windows 10): Executed 9 of 117[32m SUCCESS[39m (0 secs / 2.119 secs)
LOG: 'Loading complete'
[1A[2KLOG: [36m'Already loading, skipping...'[39m
Chrome 141.0.0.0 (Windows 10): Executed 9 of 117[32m SUCCESS[39m (0 secs / 2.119 secs)
LOG: 'Already loading, skipping...'
[1A[2KLOG: [36m'Loading state cleared - loading:', false, 'loadingMore:', false[39m
Chrome 141.0.0.0 (Windows 10): Executed 9 of 117[32m SUCCESS[39m (0 secs / 2.119 secs)
LOG: 'Loading state cleared - loading:', false, 'loadingMore:', false
[1A[2KLOG: [36m'Loading state cleared - loading:', false, 'loadingMore:', false[39m
Chrome 141.0.0.0 (Windows 10): Executed 9 of 117[32m SUCCESS[39m (0 secs / 2.119 secs)
LOG: 'Loading state cleared - loading:', false, 'loadingMore:', false
[1A[2KChrome 141.0.0.0 (Windows 10): Executed 10 of 117[32m SUCCESS[39m (0 secs / 2.756 secs)
[1A[2KLOG: [36m'User info loaded:', Object{email: 'test@example.com'}[39m
Chrome 141.0.0.0 (Windows 10): Executed 10 of 117[32m SUCCESS[39m (0 secs / 2.756 secs)
LOG: 'User info loaded:', Object{email: 'test@example.com'}
[1A[2KLOG: [36m'Loading transactions...', 'Append:', false, 'Page:', 1[39m
Chrome 141.0.0.0 (Windows 10): Executed 10 of 117[32m SUCCESS[39m (0 secs / 2.756 secs)
LOG: 'Loading transactions...', 'Append:', false, 'Page:', 1
[1A[2KLOG: [36m'Request:', Object{pageNumber: 1, pageSize: 20}[39m
Chrome 141.0.0.0 (Windows 10): Executed 10 of 117[32m SUCCESS[39m (0 secs / 2.756 secs)
LOG: 'Request:', Object{pageNumber: 1, pageSize: 20}
[1A[2KLOG: [36m'Response received:', Object{items: [Object{id: ..., refNum: ..., service: ..., serviceName: ..., status: ..., amount: ..., fee: ..., totalPayableAmount: ..., senderName: ..., receiverName: ..., firstName: ..., lastName: ..., customerNumber: ..., dob: ..., idNumber: ..., idType: ..., agentName: ..., agentId: ..., location: ..., locationId: ..., country: ..., countryId: ..., principle: ..., principleId: ..., mgRefNum: ..., profRisk: ..., countryRisk: ..., isAlert: ..., suspiciousNote: ..., createdBy: ..., createdOn: ...}], totalCount: 1}[39m
Chrome 141.0.0.0 (Windows 10): Executed 10 of 117[32m SUCCESS[39m (0 secs / 2.756 secs)
LOG: 'Response received:', Object{items: [Object{id: ..., refNum: ..., service: ..., serviceName: ..., status: ..., amount: ..., fee: ..., totalPayableAmount: ..., senderName: ..., receiverName: ..., firstName: ..., lastName: ..., customerNumber: ..., dob: ..., idNumber: ..., idType: ..., agentName: ..., agentId: ..., location: ..., locationId: ..., country: ..., countryId: ..., principle: ..., principleId: ..., mgRefNum: ..., profRisk: ..., countryRisk: ..., isAlert: ..., suspiciousNote: ..., createdBy: ..., createdOn: ...}], totalCount: 1}
[1A[2KLOG: [36m'Transactions loaded:', 1, 'Total:', 1, 'Has more:', false[39m
Chrome 141.0.0.0 (Windows 10): Executed 10 of 117[32m SUCCESS[39m (0 secs / 2.756 secs)
LOG: 'Transactions loaded:', 1, 'Total:', 1, 'Has more:', false
[1A[2KLOG: [36m'Loading complete'[39m
Chrome 141.0.0.0 (Windows 10): Executed 10 of 117[32m SUCCESS[39m (0 secs / 2.756 secs)
LOG: 'Loading complete'
[1A[2KChrome 141.0.0.0 (Windows 10): Executed 11 of 117[32m SUCCESS[39m (0 secs / 2.789 secs)
[1A[2KLOG: [36m'Already loading, skipping...'[39m
Chrome 141.0.0.0 (Windows 10): Executed 11 of 117[32m SUCCESS[39m (0 secs / 2.789 secs)
LOG: 'Already loading, skipping...'
[1A[2KLOG: [36m'User info loaded:', Object{email: 'test@example.com'}[39m
Chrome 141.0.0.0 (Windows 10): Executed 11 of 117[32m SUCCESS[39m (0 secs / 2.789 secs)
LOG: 'User info loaded:', Object{email: 'test@example.com'}
[1A[2KLOG: [36m'Loading transactions...', 'Append:', false, 'Page:', 1[39m
Chrome 141.0.0.0 (Windows 10): Executed 11 of 117[32m SUCCESS[39m (0 secs / 2.789 secs)
LOG: 'Loading transactions...', 'Append:', false, 'Page:', 1
[1A[2KLOG: [36m'Request:', Object{pageNumber: 1, pageSize: 20}[39m
Chrome 141.0.0.0 (Windows 10): Executed 11 of 117[32m SUCCESS[39m (0 secs / 2.789 secs)
LOG: 'Request:', Object{pageNumber: 1, pageSize: 20}
[1A[2KLOG: [36m'Response received:', Object{items: [Object{id: ..., refNum: ..., service: ..., serviceName: ..., status: ..., amount: ..., fee: ..., totalPayableAmount: ..., senderName: ..., receiverName: ..., firstName: ..., lastName: ..., customerNumber: ..., dob: ..., idNumber: ..., idType: ..., agentName: ..., agentId: ..., location: ..., locationId: ..., country: ..., countryId: ..., principle: ..., principleId: ..., mgRefNum: ..., profRisk: ..., countryRisk: ..., isAlert: ..., suspiciousNote: ..., createdBy: ..., createdOn: ...}], totalCount: 1}[39m
Chrome 141.0.0.0 (Windows 10): Executed 11 of 117[32m SUCCESS[39m (0 secs / 2.789 secs)
LOG: 'Response received:', Object{items: [Object{id: ..., refNum: ..., service: ..., serviceName: ..., status: ..., amount: ..., fee: ..., totalPayableAmount: ..., senderName: ..., receiverName: ..., firstName: ..., lastName: ..., customerNumber: ..., dob: ..., idNumber: ..., idType: ..., agentName: ..., agentId: ..., location: ..., locationId: ..., country: ..., countryId: ..., principle: ..., principleId: ..., mgRefNum: ..., profRisk: ..., countryRisk: ..., isAlert: ..., suspiciousNote: ..., createdBy: ..., createdOn: ...}], totalCount: 1}
[1A[2KLOG: [36m'Transactions loaded:', 1, 'Total:', 1, 'Has more:', false[39m
Chrome 141.0.0.0 (Windows 10): Executed 11 of 117[32m SUCCESS[39m (0 secs / 2.789 secs)
LOG: 'Transactions loaded:', 1, 'Total:', 1, 'Has more:', false
[1A[2KLOG: [36m'Loading complete'[39m
Chrome 141.0.0.0 (Windows 10): Executed 11 of 117[32m SUCCESS[39m (0 secs / 2.789 secs)
LOG: 'Loading complete'
[1A[2KChrome 141.0.0.0 (Windows 10): Executed 12 of 117[32m SUCCESS[39m (0 secs / 2.819 secs)
[1A[2KLOG: [36m'Already loading, skipping...'[39m
Chrome 141.0.0.0 (Windows 10): Executed 12 of 117[32m SUCCESS[39m (0 secs / 2.819 secs)
LOG: 'Already loading, skipping...'
[1A[2KChrome 141.0.0.0 (Windows 10): Executed 13 of 117[32m SUCCESS[39m (0 secs / 2.835 secs)
[1A[2KChrome 141.0.0.0 (Windows 10): Executed 14 of 117[32m SUCCESS[39m (0 secs / 2.849 secs)
[1A[2KChrome 141.0.0.0 (Windows 10): Executed 15 of 117[32m SUCCESS[39m (0 secs / 2.862 secs)
[1A[2KChrome 141.0.0.0 (Windows 10): Executed 16 of 117[32m SUCCESS[39m (0 secs / 2.875 secs)
[1A[2KChrome 141.0.0.0 (Windows 10): Executed 17 of 117[32m SUCCESS[39m (0 secs / 2.884 secs)
[1A[2KChrome 141.0.0.0 (Windows 10): Executed 18 of 117[32m SUCCESS[39m (0 secs / 2.902 secs)
[1A[2KChrome 141.0.0.0 (Windows 10): Executed 19 of 117[32m SUCCESS[39m (0 secs / 2.911 secs)
[1A[2KChrome 141.0.0.0 (Windows 10): Executed 20 of 117[32m SUCCESS[39m (0 secs / 2.924 secs)
[1A[2KChrome 141.0.0.0 (Windows 10): Executed 21 of 117[32m SUCCESS[39m (0 secs / 2.934 secs)
[1A[2KChrome 141.0.0.0 (Windows 10): Executed 22 of 117[32m SUCCESS[39m (0 secs / 2.943 secs)
[1A[2KChrome 141.0.0.0 (Windows 10): Executed 23 of 117[32m SUCCESS[39m (0 secs / 2.953 secs)
[1A[2KChrome 141.0.0.0 (Windows 10): Executed 24 of 117[32m SUCCESS[39m (0 secs / 2.961 secs)
[1A[2KChrome 141.0.0.0 (Windows 10): Executed 25 of 117[32m SUCCESS[39m (0 secs / 2.971 secs)
[1A[2KLOG: [36m'User info loaded:', Object{email: 'test@example.com'}[39m
Chrome 141.0.0.0 (Windows 10): Executed 25 of 117[32m SUCCESS[39m (0 secs / 2.971 secs)
LOG: 'User info loaded:', Object{email: 'test@example.com'}
[1A[2KChrome 141.0.0.0 (Windows 10): Executed 26 of 117[32m SUCCESS[39m (0 secs / 2.987 secs)
[1A[2KLOG: [36m'Loading transactions...', 'Append:', false, 'Page:', 1[39m
Chrome 141.0.0.0 (Windows 10): Executed 26 of 117[32m SUCCESS[39m (0 secs / 2.987 secs)
LOG: 'Loading transactions...', 'Append:', false, 'Page:', 1
[1A[2KLOG: [36m'Request:', Object{pageNumber: 1, pageSize: 20}[39m
Chrome 141.0.0.0 (Windows 10): Executed 26 of 117[32m SUCCESS[39m (0 secs / 2.987 secs)
LOG: 'Request:', Object{pageNumber: 1, pageSize: 20}
[1A[2KLOG: [36m'Response received:', Object{items: [Object{id: ..., refNum: ..., service: ..., serviceName: ..., status: ..., amount: ..., fee: ..., totalPayableAmount: ..., senderName: ..., receiverName: ..., firstName: ..., lastName: ..., customerNumber: ..., dob: ..., idNumber: ..., idType: ..., agentName: ..., agentId: ..., location: ..., locationId: ..., country: ..., countryId: ..., principle: ..., principleId: ..., mgRefNum: ..., profRisk: ..., countryRisk: ..., isAlert: ..., suspiciousNote: ..., createdBy: ..., createdOn: ...}], totalCount: 1}[39m
Chrome 141.0.0.0 (Windows 10): Executed 26 of 117[32m SUCCESS[39m (0 secs / 2.987 secs)
LOG: 'Response received:', Object{items: [Object{id: ..., refNum: ..., service: ..., serviceName: ..., status: ..., amount: ..., fee: ..., totalPayableAmount: ..., senderName: ..., receiverName: ..., firstName: ..., lastName: ..., customerNumber: ..., dob: ..., idNumber: ..., idType: ..., agentName: ..., agentId: ..., location: ..., locationId: ..., country: ..., countryId: ..., principle: ..., principleId: ..., mgRefNum: ..., profRisk: ..., countryRisk: ..., isAlert: ..., suspiciousNote: ..., createdBy: ..., createdOn: ...}], totalCount: 1}
[1A[2KLOG: [36m'Transactions loaded:', 1, 'Total:', 1, 'Has more:', false[39m
Chrome 141.0.0.0 (Windows 10): Executed 26 of 117[32m SUCCESS[39m (0 secs / 2.987 secs)
LOG: 'Transactions loaded:', 1, 'Total:', 1, 'Has more:', false
[1A[2KLOG: [36m'Loading complete'[39m
Chrome 141.0.0.0 (Windows 10): Executed 26 of 117[32m SUCCESS[39m (0 secs / 2.987 secs)
LOG: 'Loading complete'
[1A[2KLOG: [36m'User info loaded:', Object{email: 'test@example.com'}[39m
Chrome 141.0.0.0 (Windows 10): Executed 26 of 117[32m SUCCESS[39m (0 secs / 2.987 secs)
LOG: 'User info loaded:', Object{email: 'test@example.com'}
[1A[2KLOG: [36m'Loading transactions...', 'Append:', false, 'Page:', 1[39m
Chrome 141.0.0.0 (Windows 10): Executed 26 of 117[32m SUCCESS[39m (0 secs / 2.987 secs)
LOG: 'Loading transactions...', 'Append:', false, 'Page:', 1
[1A[2KLOG: [36m'Request:', Object{pageNumber: 1, pageSize: 20}[39m
Chrome 141.0.0.0 (Windows 10): Executed 26 of 117[32m SUCCESS[39m (0 secs / 2.987 secs)
LOG: 'Request:', Object{pageNumber: 1, pageSize: 20}
[1A[2KLOG: [36m'Response received:', Object{items: [Object{id: ..., refNum: ..., service: ..., serviceName: ..., status: ..., amount: ..., fee: ..., totalPayableAmount: ..., senderName: ..., receiverName: ..., firstName: ..., lastName: ..., customerNumber: ..., dob: ..., idNumber: ..., idType: ..., agentName: ..., agentId: ..., location: ..., locationId: ..., country: ..., countryId: ..., principle: ..., principleId: ..., mgRefNum: ..., profRisk: ..., countryRisk: ..., isAlert: ..., suspiciousNote: ..., createdBy: ..., createdOn: ...}], totalCount: 1}[39m
Chrome 141.0.0.0 (Windows 10): Executed 26 of 117[32m SUCCESS[39m (0 secs / 2.987 secs)
LOG: 'Response received:', Object{items: [Object{id: ..., refNum: ..., service: ..., serviceName: ..., status: ..., amount: ..., fee: ..., totalPayableAmount: ..., senderName: ..., receiverName: ..., firstName: ..., lastName: ..., customerNumber: ..., dob: ..., idNumber: ..., idType: ..., agentName: ..., agentId: ..., location: ..., locationId: ..., country: ..., countryId: ..., principle: ..., principleId: ..., mgRefNum: ..., profRisk: ..., countryRisk: ..., isAlert: ..., suspiciousNote: ..., createdBy: ..., createdOn: ...}], totalCount: 1}
[1A[2KLOG: [36m'Transactions loaded:', 1, 'Total:', 1, 'Has more:', false[39m
Chrome 141.0.0.0 (Windows 10): Executed 26 of 117[32m SUCCESS[39m (0 secs / 2.987 secs)
LOG: 'Transactions loaded:', 1, 'Total:', 1, 'Has more:', false
[1A[2KLOG: [36m'Loading complete'[39m
Chrome 141.0.0.0 (Windows 10): Executed 26 of 117[32m SUCCESS[39m (0 secs / 2.987 secs)
LOG: 'Loading complete'
[1A[2KLOG: [36m'Loading state cleared - loading:', false, 'loadingMore:', false[39m
Chrome 141.0.0.0 (Windows 10): Executed 26 of 117[32m SUCCESS[39m (0 secs / 2.987 secs)
LOG: 'Loading state cleared - loading:', false, 'loadingMore:', false
[1A[2KChrome 141.0.0.0 (Windows 10): Executed 27 of 117[32m SUCCESS[39m (0 secs / 3.016 secs)
[1A[2KLOG: [36m'User info loaded:', Object{email: 'test@example.com'}[39m
Chrome 141.0.0.0 (Windows 10): Executed 27 of 117[32m SUCCESS[39m (0 secs / 3.016 secs)
LOG: 'User info loaded:', Object{email: 'test@example.com'}
[1A[2KChrome 141.0.0.0 (Windows 10): Executed 28 of 117[32m SUCCESS[39m (0 secs / 3.034 secs)
[1A[2KLOG: [36m'Loading transactions...', 'Append:', false, 'Page:', 1[39m
Chrome 141.0.0.0 (Windows 10): Executed 28 of 117[32m SUCCESS[39m (0 secs / 3.034 secs)
LOG: 'Loading transactions...', 'Append:', false, 'Page:', 1
[1A[2KLOG: [36m'Request:', Object{pageNumber: 1, pageSize: 20}[39m
Chrome 141.0.0.0 (Windows 10): Executed 28 of 117[32m SUCCESS[39m (0 secs / 3.034 secs)
LOG: 'Request:', Object{pageNumber: 1, pageSize: 20}
[1A[2KLOG: [36m'Response received:', Object{items: [Object{id: ..., refNum: ..., service: ..., serviceName: ..., status: ..., amount: ..., fee: ..., totalPayableAmount: ..., senderName: ..., receiverName: ..., firstName: ..., lastName: ..., customerNumber: ..., dob: ..., idNumber: ..., idType: ..., agentName: ..., agentId: ..., location: ..., locationId: ..., country: ..., countryId: ..., principle: ..., principleId: ..., mgRefNum: ..., profRisk: ..., countryRisk: ..., isAlert: ..., suspiciousNote: ..., createdBy: ..., createdOn: ...}], totalCount: 1}[39m
Chrome 141.0.0.0 (Windows 10): Executed 28 of 117[32m SUCCESS[39m (0 secs / 3.034 secs)
LOG: 'Response received:', Object{items: [Object{id: ..., refNum: ..., service: ..., serviceName: ..., status: ..., amount: ..., fee: ..., totalPayableAmount: ..., senderName: ..., receiverName: ..., firstName: ..., lastName: ..., customerNumber: ..., dob: ..., idNumber: ..., idType: ..., agentName: ..., agentId: ..., location: ..., locationId: ..., country: ..., countryId: ..., principle: ..., principleId: ..., mgRefNum: ..., profRisk: ..., countryRisk: ..., isAlert: ..., suspiciousNote: ..., createdBy: ..., createdOn: ...}], totalCount: 1}
[1A[2KLOG: [36m'Transactions loaded:', 1, 'Total:', 1, 'Has more:', false[39m
Chrome 141.0.0.0 (Windows 10): Executed 28 of 117[32m SUCCESS[39m (0 secs / 3.034 secs)
LOG: 'Transactions loaded:', 1, 'Total:', 1, 'Has more:', false
[1A[2KLOG: [36m'Loading complete'[39m
Chrome 141.0.0.0 (Windows 10): Executed 28 of 117[32m SUCCESS[39m (0 secs / 3.034 secs)
LOG: 'Loading complete'
[1A[2KLOG: [36m'User info loaded:', Object{email: 'test@example.com'}[39m
Chrome 141.0.0.0 (Windows 10): Executed 28 of 117[32m SUCCESS[39m (0 secs / 3.034 secs)
LOG: 'User info loaded:', Object{email: 'test@example.com'}
[1A[2KLOG: [36m'Loading transactions...', 'Append:', false, 'Page:', 1[39m
Chrome 141.0.0.0 (Windows 10): Executed 28 of 117[32m SUCCESS[39m (0 secs / 3.034 secs)
LOG: 'Loading transactions...', 'Append:', false, 'Page:', 1
[1A[2KLOG: [36m'Request:', Object{pageNumber: 1, pageSize: 20}[39m
Chrome 141.0.0.0 (Windows 10): Executed 28 of 117[32m SUCCESS[39m (0 secs / 3.034 secs)
LOG: 'Request:', Object{pageNumber: 1, pageSize: 20}
[1A[2KLOG: [36m'Response received:', Object{items: [Object{id: ..., refNum: ..., service: ..., serviceName: ..., status: ..., amount: ..., fee: ..., totalPayableAmount: ..., senderName: ..., receiverName: ..., firstName: ..., lastName: ..., customerNumber: ..., dob: ..., idNumber: ..., idType: ..., agentName: ..., agentId: ..., location: ..., locationId: ..., country: ..., countryId: ..., principle: ..., principleId: ..., mgRefNum: ..., profRisk: ..., countryRisk: ..., isAlert: ..., suspiciousNote: ..., createdBy: ..., createdOn: ...}], totalCount: 1}[39m
Chrome 141.0.0.0 (Windows 10): Executed 28 of 117[32m SUCCESS[39m (0 secs / 3.034 secs)
LOG: 'Response received:', Object{items: [Object{id: ..., refNum: ..., service: ..., serviceName: ..., status: ..., amount: ..., fee: ..., totalPayableAmount: ..., senderName: ..., receiverName: ..., firstName: ..., lastName: ..., customerNumber: ..., dob: ..., idNumber: ..., idType: ..., agentName: ..., agentId: ..., location: ..., locationId: ..., country: ..., countryId: ..., principle: ..., principleId: ..., mgRefNum: ..., profRisk: ..., countryRisk: ..., isAlert: ..., suspiciousNote: ..., createdBy: ..., createdOn: ...}], totalCount: 1}
[1A[2KLOG: [36m'Transactions loaded:', 1, 'Total:', 1, 'Has more:', false[39m
Chrome 141.0.0.0 (Windows 10): Executed 28 of 117[32m SUCCESS[39m (0 secs / 3.034 secs)
LOG: 'Transactions loaded:', 1, 'Total:', 1, 'Has more:', false
[1A[2KLOG: [36m'Loading complete'[39m
Chrome 141.0.0.0 (Windows 10): Executed 28 of 117[32m SUCCESS[39m (0 secs / 3.034 secs)
LOG: 'Loading complete'
[1A[2KChrome 141.0.0.0 (Windows 10): Executed 29 of 117[32m SUCCESS[39m (0 secs / 3.056 secs)
[1A[2KLOG: [36m'Already loading, skipping...'[39m
Chrome 141.0.0.0 (Windows 10): Executed 29 of 117[32m SUCCESS[39m (0 secs / 3.056 secs)
LOG: 'Already loading, skipping...'
[1A[2KLOG: [36m'User info loaded:', Object{email: 'test@example.com'}[39m
Chrome 141.0.0.0 (Windows 10): Executed 29 of 117[32m SUCCESS[39m (0 secs / 3.056 secs)
LOG: 'User info loaded:', Object{email: 'test@example.com'}
[1A[2KLOG: [36m'Loading transactions...', 'Append:', false, 'Page:', 1[39m
Chrome 141.0.0.0 (Windows 10): Executed 29 of 117[32m SUCCESS[39m (0 secs / 3.056 secs)
LOG: 'Loading transactions...', 'Append:', false, 'Page:', 1
[1A[2KLOG: [36m'Request:', Object{pageNumber: 1, pageSize: 20}[39m
Chrome 141.0.0.0 (Windows 10): Executed 29 of 117[32m SUCCESS[39m (0 secs / 3.056 secs)
LOG: 'Request:', Object{pageNumber: 1, pageSize: 20}
[1A[2KLOG: [36m'Response received:', Object{items: [Object{id: ..., refNum: ..., service: ..., serviceName: ..., status: ..., amount: ..., fee: ..., totalPayableAmount: ..., senderName: ..., receiverName: ..., firstName: ..., lastName: ..., customerNumber: ..., dob: ..., idNumber: ..., idType: ..., agentName: ..., agentId: ..., location: ..., locationId: ..., country: ..., countryId: ..., principle: ..., principleId: ..., mgRefNum: ..., profRisk: ..., countryRisk: ..., isAlert: ..., suspiciousNote: ..., createdBy: ..., createdOn: ...}], totalCount: 1}[39m
Chrome 141.0.0.0 (Windows 10): Executed 29 of 117[32m SUCCESS[39m (0 secs / 3.056 secs)
LOG: 'Response received:', Object{items: [Object{id: ..., refNum: ..., service: ..., serviceName: ..., status: ..., amount: ..., fee: ..., totalPayableAmount: ..., senderName: ..., receiverName: ..., firstName: ..., lastName: ..., customerNumber: ..., dob: ..., idNumber: ..., idType: ..., agentName: ..., agentId: ..., location: ..., locationId: ..., country: ..., countryId: ..., principle: ..., principleId: ..., mgRefNum: ..., profRisk: ..., countryRisk: ..., isAlert: ..., suspiciousNote: ..., createdBy: ..., createdOn: ...}], totalCount: 1}
[1A[2KLOG: [36m'Transactions loaded:', 1, 'Total:', 1, 'Has more:', false[39m
Chrome 141.0.0.0 (Windows 10): Executed 29 of 117[32m SUCCESS[39m (0 secs / 3.056 secs)
LOG: 'Transactions loaded:', 1, 'Total:', 1, 'Has more:', false
[1A[2KLOG: [36m'Loading complete'[39m
Chrome 141.0.0.0 (Windows 10): Executed 29 of 117[32m SUCCESS[39m (0 secs / 3.056 secs)
LOG: 'Loading complete'
[1A[2K[31mChrome 141.0.0.0 (Windows 10) TransactionReportComponent onSearch should reset hasMore flag FAILED[39m
	Expected false to be true.
	    at <Jasmine>
	    at UserContext.<anonymous> (src/app/components/transaction-report/transaction-report.component.spec.ts:254:33)
	    at _ZoneDelegate.invoke (node_modules/zone.js/fesm2015/zone.js:398:28)
	    at _ProxyZoneSpec.onInvoke (node_modules/zone.js/fesm2015/zone-testing.js:2132:39)
	    at _ZoneDelegate.invoke (node_modules/zone.js/fesm2015/zone.js:397:34)
Chrome 141.0.0.0 (Windows 10): Executed 30 of 117[31m (1 FAILED)[39m (0 secs / 3.095 secs)
[1A[2KLOG: [36m'Already loading, skipping...'[39m
Chrome 141.0.0.0 (Windows 10): Executed 30 of 117[31m (1 FAILED)[39m (0 secs / 3.095 secs)
LOG: 'Already loading, skipping...'
[1A[2KChrome 141.0.0.0 (Windows 10): Executed 31 of 117[31m (1 FAILED)[39m (0 secs / 3.115 secs)
[1A[2KLOG: [36m'User info loaded:', Object{email: 'test@example.com'}[39m
Chrome 141.0.0.0 (Windows 10): Executed 31 of 117[31m (1 FAILED)[39m (0 secs / 3.115 secs)
LOG: 'User info loaded:', Object{email: 'test@example.com'}
[1A[2KChrome 141.0.0.0 (Windows 10): Executed 32 of 117[31m (1 FAILED)[39m (0 secs / 3.137 secs)
[1A[2KLOG: [36m'Loading transactions...', 'Append:', false, 'Page:', 1[39m
Chrome 141.0.0.0 (Windows 10): Executed 32 of 117[31m (1 FAILED)[39m (0 secs / 3.137 secs)
LOG: 'Loading transactions...', 'Append:', false, 'Page:', 1
[1A[2KLOG: [36m'Request:', Object{pageNumber: 1, pageSize: 20}[39m
Chrome 141.0.0.0 (Windows 10): Executed 32 of 117[31m (1 FAILED)[39m (0 secs / 3.137 secs)
LOG: 'Request:', Object{pageNumber: 1, pageSize: 20}
[1A[2KLOG: [36m'Response received:', Object{items: [Object{id: ..., refNum: ..., service: ..., serviceName: ..., status: ..., amount: ..., fee: ..., totalPayableAmount: ..., senderName: ..., receiverName: ..., firstName: ..., lastName: ..., customerNumber: ..., dob: ..., idNumber: ..., idType: ..., agentName: ..., agentId: ..., location: ..., locationId: ..., country: ..., countryId: ..., principle: ..., principleId: ..., mgRefNum: ..., profRisk: ..., countryRisk: ..., isAlert: ..., suspiciousNote: ..., createdBy: ..., createdOn: ...}], totalCount: 1}[39m
Chrome 141.0.0.0 (Windows 10): Executed 32 of 117[31m (1 FAILED)[39m (0 secs / 3.137 secs)
LOG: 'Response received:', Object{items: [Object{id: ..., refNum: ..., service: ..., serviceName: ..., status: ..., amount: ..., fee: ..., totalPayableAmount: ..., senderName: ..., receiverName: ..., firstName: ..., lastName: ..., customerNumber: ..., dob: ..., idNumber: ..., idType: ..., agentName: ..., agentId: ..., location: ..., locationId: ..., country: ..., countryId: ..., principle: ..., principleId: ..., mgRefNum: ..., profRisk: ..., countryRisk: ..., isAlert: ..., suspiciousNote: ..., createdBy: ..., createdOn: ...}], totalCount: 1}
[1A[2KLOG: [36m'Transactions loaded:', 1, 'Total:', 1, 'Has more:', false[39m
Chrome 141.0.0.0 (Windows 10): Executed 32 of 117[31m (1 FAILED)[39m (0 secs / 3.137 secs)
LOG: 'Transactions loaded:', 1, 'Total:', 1, 'Has more:', false
[1A[2KLOG: [36m'Loading complete'[39m
Chrome 141.0.0.0 (Windows 10): Executed 32 of 117[31m (1 FAILED)[39m (0 secs / 3.137 secs)
LOG: 'Loading complete'
[1A[2KLOG: [36m'User info loaded:', Object{email: 'test@example.com'}[39m
Chrome 141.0.0.0 (Windows 10): Executed 32 of 117[31m (1 FAILED)[39m (0 secs / 3.137 secs)
LOG: 'User info loaded:', Object{email: 'test@example.com'}
[1A[2KChrome 141.0.0.0 (Windows 10): Executed 33 of 117[31m (1 FAILED)[39m (0 secs / 3.157 secs)
[1A[2KLOG: [36m'Loading transactions...', 'Append:', false, 'Page:', 1[39m
Chrome 141.0.0.0 (Windows 10): Executed 33 of 117[31m (1 FAILED)[39m (0 secs / 3.157 secs)
LOG: 'Loading transactions...', 'Append:', false, 'Page:', 1
[1A[2KLOG: [36m'Request:', Object{pageNumber: 1, pageSize: 20, agentId: 'agent-123'}[39m
Chrome 141.0.0.0 (Windows 10): Executed 33 of 117[31m (1 FAILED)[39m (0 secs / 3.157 secs)
LOG: 'Request:', Object{pageNumber: 1, pageSize: 20, agentId: 'agent-123'}
[1A[2KLOG: [36m'Response received:', Object{items: [Object{id: ..., refNum: ..., service: ..., serviceName: ..., status: ..., amount: ..., fee: ..., totalPayableAmount: ..., senderName: ..., receiverName: ..., firstName: ..., lastName: ..., customerNumber: ..., dob: ..., idNumber: ..., idType: ..., agentName: ..., agentId: ..., location: ..., locationId: ..., country: ..., countryId: ..., principle: ..., principleId: ..., mgRefNum: ..., profRisk: ..., countryRisk: ..., isAlert: ..., suspiciousNote: ..., createdBy: ..., createdOn: ...}], totalCount: 1}[39m
Chrome 141.0.0.0 (Windows 10): Executed 33 of 117[31m (1 FAILED)[39m (0 secs / 3.157 secs)
LOG: 'Response received:', Object{items: [Object{id: ..., refNum: ..., service: ..., serviceName: ..., status: ..., amount: ..., fee: ..., totalPayableAmount: ..., senderName: ..., receiverName: ..., firstName: ..., lastName: ..., customerNumber: ..., dob: ..., idNumber: ..., idType: ..., agentName: ..., agentId: ..., location: ..., locationId: ..., country: ..., countryId: ..., principle: ..., principleId: ..., mgRefNum: ..., profRisk: ..., countryRisk: ..., isAlert: ..., suspiciousNote: ..., createdBy: ..., createdOn: ...}], totalCount: 1}
[1A[2KLOG: [36m'Transactions loaded:', 1, 'Total:', 1, 'Has more:', false[39m
Chrome 141.0.0.0 (Windows 10): Executed 33 of 117[31m (1 FAILED)[39m (0 secs / 3.157 secs)
LOG: 'Transactions loaded:', 1, 'Total:', 1, 'Has more:', false
[1A[2KLOG: [36m'Loading complete'[39m
Chrome 141.0.0.0 (Windows 10): Executed 33 of 117[31m (1 FAILED)[39m (0 secs / 3.157 secs)
LOG: 'Loading complete'
[1A[2KLOG: [36m'User info loaded:', Object{email: 'test@example.com'}[39m
Chrome 141.0.0.0 (Windows 10): Executed 33 of 117[31m (1 FAILED)[39m (0 secs / 3.157 secs)
LOG: 'User info loaded:', Object{email: 'test@example.com'}
[1A[2KChrome 141.0.0.0 (Windows 10): Executed 34 of 117[31m (1 FAILED)[39m (0 secs / 3.179 secs)
[1A[2KLOG: [36m'Loading transactions...', 'Append:', false, 'Page:', 1[39m
Chrome 141.0.0.0 (Windows 10): Executed 34 of 117[31m (1 FAILED)[39m (0 secs / 3.179 secs)
LOG: 'Loading transactions...', 'Append:', false, 'Page:', 1
[1A[2KLOG: [36m'Request:', Object{pageNumber: 1, pageSize: 20, locationId: 'location-456'}[39m
Chrome 141.0.0.0 (Windows 10): Executed 34 of 117[31m (1 FAILED)[39m (0 secs / 3.179 secs)
LOG: 'Request:', Object{pageNumber: 1, pageSize: 20, locationId: 'location-456'}
[1A[2KLOG: [36m'Response received:', Object{items: [Object{id: ..., refNum: ..., service: ..., serviceName: ..., status: ..., amount: ..., fee: ..., totalPayableAmount: ..., senderName: ..., receiverName: ..., firstName: ..., lastName: ..., customerNumber: ..., dob: ..., idNumber: ..., idType: ..., agentName: ..., agentId: ..., location: ..., locationId: ..., country: ..., countryId: ..., principle: ..., principleId: ..., mgRefNum: ..., profRisk: ..., countryRisk: ..., isAlert: ..., suspiciousNote: ..., createdBy: ..., createdOn: ...}], totalCount: 1}[39m
Chrome 141.0.0.0 (Windows 10): Executed 34 of 117[31m (1 FAILED)[39m (0 secs / 3.179 secs)
LOG: 'Response received:', Object{items: [Object{id: ..., refNum: ..., service: ..., serviceName: ..., status: ..., amount: ..., fee: ..., totalPayableAmount: ..., senderName: ..., receiverName: ..., firstName: ..., lastName: ..., customerNumber: ..., dob: ..., idNumber: ..., idType: ..., agentName: ..., agentId: ..., location: ..., locationId: ..., country: ..., countryId: ..., principle: ..., principleId: ..., mgRefNum: ..., profRisk: ..., countryRisk: ..., isAlert: ..., suspiciousNote: ..., createdBy: ..., createdOn: ...}], totalCount: 1}
[1A[2KLOG: [36m'Transactions loaded:', 1, 'Total:', 1, 'Has more:', false[39m
Chrome 141.0.0.0 (Windows 10): Executed 34 of 117[31m (1 FAILED)[39m (0 secs / 3.179 secs)
LOG: 'Transactions loaded:', 1, 'Total:', 1, 'Has more:', false
[1A[2KLOG: [36m'Loading complete'[39m
Chrome 141.0.0.0 (Windows 10): Executed 34 of 117[31m (1 FAILED)[39m (0 secs / 3.179 secs)
LOG: 'Loading complete'
[1A[2KLOG: [36m'User info loaded:', Object{email: 'test@example.com'}[39m
Chrome 141.0.0.0 (Windows 10): Executed 34 of 117[31m (1 FAILED)[39m (0 secs / 3.179 secs)
LOG: 'User info loaded:', Object{email: 'test@example.com'}
[1A[2KChrome 141.0.0.0 (Windows 10): Executed 35 of 117[31m (1 FAILED)[39m (0 secs / 3.197 secs)
[1A[2KLOG: [36m'Loading transactions...', 'Append:', false, 'Page:', 1[39m
Chrome 141.0.0.0 (Windows 10): Executed 35 of 117[31m (1 FAILED)[39m (0 secs / 3.197 secs)
LOG: 'Loading transactions...', 'Append:', false, 'Page:', 1
[1A[2KLOG: [36m'Request:', Object{pageNumber: 1, pageSize: 20}[39m
Chrome 141.0.0.0 (Windows 10): Executed 35 of 117[31m (1 FAILED)[39m (0 secs / 3.197 secs)
LOG: 'Request:', Object{pageNumber: 1, pageSize: 20}
[1A[2KLOG: [36m'Response received:', Object{items: [Object{id: ..., refNum: ..., service: ..., serviceName: ..., status: ..., amount: ..., fee: ..., totalPayableAmount: ..., senderName: ..., receiverName: ..., firstName: ..., lastName: ..., customerNumber: ..., dob: ..., idNumber: ..., idType: ..., agentName: ..., agentId: ..., location: ..., locationId: ..., country: ..., countryId: ..., principle: ..., principleId: ..., mgRefNum: ..., profRisk: ..., countryRisk: ..., isAlert: ..., suspiciousNote: ..., createdBy: ..., createdOn: ...}], totalCount: 1}[39m
Chrome 141.0.0.0 (Windows 10): Executed 35 of 117[31m (1 FAILED)[39m (0 secs / 3.197 secs)
LOG: 'Response received:', Object{items: [Object{id: ..., refNum: ..., service: ..., serviceName: ..., status: ..., amount: ..., fee: ..., totalPayableAmount: ..., senderName: ..., receiverName: ..., firstName: ..., lastName: ..., customerNumber: ..., dob: ..., idNumber: ..., idType: ..., agentName: ..., agentId: ..., location: ..., locationId: ..., country: ..., countryId: ..., principle: ..., principleId: ..., mgRefNum: ..., profRisk: ..., countryRisk: ..., isAlert: ..., suspiciousNote: ..., createdBy: ..., createdOn: ...}], totalCount: 1}
[1A[2KLOG: [36m'Transactions loaded:', 1, 'Total:', 1, 'Has more:', false[39m
Chrome 141.0.0.0 (Windows 10): Executed 35 of 117[31m (1 FAILED)[39m (0 secs / 3.197 secs)
LOG: 'Transactions loaded:', 1, 'Total:', 1, 'Has more:', false
[1A[2KLOG: [36m'Loading complete'[39m
Chrome 141.0.0.0 (Windows 10): Executed 35 of 117[31m (1 FAILED)[39m (0 secs / 3.197 secs)
LOG: 'Loading complete'
[1A[2KChrome 141.0.0.0 (Windows 10): Executed 36 of 117[31m (1 FAILED)[39m (0 secs / 3.213 secs)
[1A[2KChrome 141.0.0.0 (Windows 10): Executed 37 of 117[31m (1 FAILED)[39m (0 secs / 3.23 secs)
[1A[2KChrome 141.0.0.0 (Windows 10): Executed 38 of 117[31m (1 FAILED)[39m (0 secs / 3.247 secs)
[1A[2KLOG: [36m'Loading state cleared - loading:', false, 'loadingMore:', false[39m
Chrome 141.0.0.0 (Windows 10): Executed 38 of 117[31m (1 FAILED)[39m (0 secs / 3.247 secs)
LOG: 'Loading state cleared - loading:', false, 'loadingMore:', false
[1A[2KChrome 141.0.0.0 (Windows 10): Executed 39 of 117[31m (1 FAILED)[39m (0 secs / 3.267 secs)
[1A[2KLOG: [36m'User info loaded:', Object{email: 'test@example.com'}[39m
Chrome 141.0.0.0 (Windows 10): Executed 39 of 117[31m (1 FAILED)[39m (0 secs / 3.267 secs)
LOG: 'User info loaded:', Object{email: 'test@example.com'}
[1A[2KLOG: [36m'Loading transactions...', 'Append:', false, 'Page:', 1[39m
Chrome 141.0.0.0 (Windows 10): Executed 39 of 117[31m (1 FAILED)[39m (0 secs / 3.267 secs)
LOG: 'Loading transactions...', 'Append:', false, 'Page:', 1
[1A[2KLOG: [36m'Request:', Object{pageNumber: 1, pageSize: 20}[39m
Chrome 141.0.0.0 (Windows 10): Executed 39 of 117[31m (1 FAILED)[39m (0 secs / 3.267 secs)
LOG: 'Request:', Object{pageNumber: 1, pageSize: 20}
[1A[2KLOG: [36m'Response received:', Object{items: [Object{id: ..., refNum: ..., service: ..., serviceName: ..., status: ..., amount: ..., fee: ..., totalPayableAmount: ..., senderName: ..., receiverName: ..., firstName: ..., lastName: ..., customerNumber: ..., dob: ..., idNumber: ..., idType: ..., agentName: ..., agentId: ..., location: ..., locationId: ..., country: ..., countryId: ..., principle: ..., principleId: ..., mgRefNum: ..., profRisk: ..., countryRisk: ..., isAlert: ..., suspiciousNote: ..., createdBy: ..., createdOn: ...}], totalCount: 1}[39m
Chrome 141.0.0.0 (Windows 10): Executed 39 of 117[31m (1 FAILED)[39m (0 secs / 3.267 secs)
LOG: 'Response received:', Object{items: [Object{id: ..., refNum: ..., service: ..., serviceName: ..., status: ..., amount: ..., fee: ..., totalPayableAmount: ..., senderName: ..., receiverName: ..., firstName: ..., lastName: ..., customerNumber: ..., dob: ..., idNumber: ..., idType: ..., agentName: ..., agentId: ..., location: ..., locationId: ..., country: ..., countryId: ..., principle: ..., principleId: ..., mgRefNum: ..., profRisk: ..., countryRisk: ..., isAlert: ..., suspiciousNote: ..., createdBy: ..., createdOn: ...}], totalCount: 1}
[1A[2KLOG: [36m'Transactions loaded:', 1, 'Total:', 1, 'Has more:', false[39m
Chrome 141.0.0.0 (Windows 10): Executed 39 of 117[31m (1 FAILED)[39m (0 secs / 3.267 secs)
LOG: 'Transactions loaded:', 1, 'Total:', 1, 'Has more:', false
[1A[2KLOG: [36m'Loading complete'[39m
Chrome 141.0.0.0 (Windows 10): Executed 39 of 117[31m (1 FAILED)[39m (0 secs / 3.267 secs)
LOG: 'Loading complete'
[1A[2KLOG: [36m'Loading state cleared - loading:', false, 'loadingMore:', false[39m
Chrome 141.0.0.0 (Windows 10): Executed 39 of 117[31m (1 FAILED)[39m (0 secs / 3.267 secs)
LOG: 'Loading state cleared - loading:', false, 'loadingMore:', false
[1A[2KChrome 141.0.0.0 (Windows 10): Executed 40 of 117[31m (1 FAILED)[39m (0 secs / 3.389 secs)
[1A[2KLOG: [36m'User info loaded:', Object{email: 'test@example.com'}[39m
Chrome 141.0.0.0 (Windows 10): Executed 40 of 117[31m (1 FAILED)[39m (0 secs / 3.389 secs)
LOG: 'User info loaded:', Object{email: 'test@example.com'}
[1A[2KChrome 141.0.0.0 (Windows 10): Executed 41 of 117[31m (1 FAILED)[39m (0 secs / 3.406 secs)
[1A[2KLOG: [36m'Loading transactions...', 'Append:', false, 'Page:', 1[39m
Chrome 141.0.0.0 (Windows 10): Executed 41 of 117[31m (1 FAILED)[39m (0 secs / 3.406 secs)
LOG: 'Loading transactions...', 'Append:', false, 'Page:', 1
[1A[2KLOG: [36m'Request:', Object{pageNumber: 1, pageSize: 20}[39m
Chrome 141.0.0.0 (Windows 10): Executed 41 of 117[31m (1 FAILED)[39m (0 secs / 3.406 secs)
LOG: 'Request:', Object{pageNumber: 1, pageSize: 20}
[1A[2KLOG: [36m'Response received:', Object{items: [Object{id: ..., refNum: ..., service: ..., serviceName: ..., status: ..., amount: ..., fee: ..., totalPayableAmount: ..., senderName: ..., receiverName: ..., firstName: ..., lastName: ..., customerNumber: ..., dob: ..., idNumber: ..., idType: ..., agentName: ..., agentId: ..., location: ..., locationId: ..., country: ..., countryId: ..., principle: ..., principleId: ..., mgRefNum: ..., profRisk: ..., countryRisk: ..., isAlert: ..., suspiciousNote: ..., createdBy: ..., createdOn: ...}], totalCount: 1}[39m
Chrome 141.0.0.0 (Windows 10): Executed 41 of 117[31m (1 FAILED)[39m (0 secs / 3.406 secs)
LOG: 'Response received:', Object{items: [Object{id: ..., refNum: ..., service: ..., serviceName: ..., status: ..., amount: ..., fee: ..., totalPayableAmount: ..., senderName: ..., receiverName: ..., firstName: ..., lastName: ..., customerNumber: ..., dob: ..., idNumber: ..., idType: ..., agentName: ..., agentId: ..., location: ..., locationId: ..., country: ..., countryId: ..., principle: ..., principleId: ..., mgRefNum: ..., profRisk: ..., countryRisk: ..., isAlert: ..., suspiciousNote: ..., createdBy: ..., createdOn: ...}], totalCount: 1}
[1A[2KLOG: [36m'Transactions loaded:', 1, 'Total:', 1, 'Has more:', false[39m
Chrome 141.0.0.0 (Windows 10): Executed 41 of 117[31m (1 FAILED)[39m (0 secs / 3.406 secs)
LOG: 'Transactions loaded:', 1, 'Total:', 1, 'Has more:', false
[1A[2KLOG: [36m'Loading complete'[39m
Chrome 141.0.0.0 (Windows 10): Executed 41 of 117[31m (1 FAILED)[39m (0 secs / 3.406 secs)
LOG: 'Loading complete'
[1A[2KChrome 141.0.0.0 (Windows 10): Executed 42 of 117[31m (1 FAILED)[39m (0 secs / 3.41 secs)
[1A[2KChrome 141.0.0.0 (Windows 10): Executed 43 of 117[31m (1 FAILED)[39m (0 secs / 3.411 secs)
[1A[2KChrome 141.0.0.0 (Windows 10): Executed 44 of 117[31m (1 FAILED)[39m (0 secs / 3.411 secs)
[1A[2KChrome 141.0.0.0 (Windows 10): Executed 45 of 117[31m (1 FAILED)[39m (0 secs / 3.412 secs)
[1A[2KChrome 141.0.0.0 (Windows 10): Executed 46 of 117[31m (1 FAILED)[39m (0 secs / 3.412 secs)
[1A[2KChrome 141.0.0.0 (Windows 10): Executed 47 of 117[31m (1 FAILED)[39m (0 secs / 3.413 secs)
[1A[2KChrome 141.0.0.0 (Windows 10): Executed 48 of 117[31m (1 FAILED)[39m (0 secs / 3.414 secs)
[1A[2KChrome 141.0.0.0 (Windows 10): Executed 49 of 117[31m (1 FAILED)[39m (0 secs / 3.415 secs)
[1A[2K[31mChrome 141.0.0.0 (Windows 10) CommonService handleError should return default message for null error FAILED[39m
	TypeError: Cannot read properties of null (reading 'error')
	    at CommonService2.handleError (src/app/services/common.service.ts:50:15)
	    at UserContext.<anonymous> (src/app/services/common.service.spec.ts:172:22)
	    at _ZoneDelegate.invoke (node_modules/zone.js/fesm2015/zone.js:398:28)
	    at _ProxyZoneSpec.onInvoke (node_modules/zone.js/fesm2015/zone-testing.js:2132:39)
	    at _ZoneDelegate.invoke (node_modules/zone.js/fesm2015/zone.js:397:34)
	    at ZoneImpl.run (node_modules/zone.js/fesm2015/zone.js:113:43)
	    at runInTestZone (node_modules/zone.js/fesm2015/zone-testing.js:216:38)
	    at UserContext.<anonymous> (node_modules/zone.js/fesm2015/zone-testing.js:234:32)
	    at <Jasmine>
Chrome 141.0.0.0 (Windows 10): Executed 50 of 117[31m (2 FAILED)[39m (0 secs / 3.778 secs)
[1A[2KLOG: [36m'Loading state cleared - loading:', false, 'loadingMore:', false[39m
Chrome 141.0.0.0 (Windows 10): Executed 50 of 117[31m (2 FAILED)[39m (0 secs / 3.778 secs)
LOG: 'Loading state cleared - loading:', false, 'loadingMore:', false
[1A[2KLOG: [36m'Loading state cleared - loading:', false, 'loadingMore:', false[39m
Chrome 141.0.0.0 (Windows 10): Executed 50 of 117[31m (2 FAILED)[39m (0 secs / 3.778 secs)
LOG: 'Loading state cleared - loading:', false, 'loadingMore:', false
[1A[2KLOG: [36m'Loading state cleared - loading:', false, 'loadingMore:', false[39m
Chrome 141.0.0.0 (Windows 10): Executed 50 of 117[31m (2 FAILED)[39m (0 secs / 3.778 secs)
LOG: 'Loading state cleared - loading:', false, 'loadingMore:', false
[1A[2KLOG: [36m'Loading state cleared - loading:', false, 'loadingMore:', false[39m
Chrome 141.0.0.0 (Windows 10): Executed 50 of 117[31m (2 FAILED)[39m (0 secs / 3.778 secs)
LOG: 'Loading state cleared - loading:', false, 'loadingMore:', false
[1A[2KLOG: [36m'Loading state cleared - loading:', false, 'loadingMore:', false[39m
Chrome 141.0.0.0 (Windows 10): Executed 50 of 117[31m (2 FAILED)[39m (0 secs / 3.778 secs)
LOG: 'Loading state cleared - loading:', false, 'loadingMore:', false
[1A[2KLOG: [36m'Loading state cleared - loading:', false, 'loadingMore:', false[39m
Chrome 141.0.0.0 (Windows 10): Executed 50 of 117[31m (2 FAILED)[39m (0 secs / 3.778 secs)
LOG: 'Loading state cleared - loading:', false, 'loadingMore:', false
[1A[2KLOG: [36m'Loading state cleared - loading:', false, 'loadingMore:', false[39m
Chrome 141.0.0.0 (Windows 10): Executed 50 of 117[31m (2 FAILED)[39m (0 secs / 3.778 secs)
LOG: 'Loading state cleared - loading:', false, 'loadingMore:', false
[1A[2KLOG: [36m'Loading state cleared - loading:', false, 'loadingMore:', false[39m
Chrome 141.0.0.0 (Windows 10): Executed 50 of 117[31m (2 FAILED)[39m (0 secs / 3.778 secs)
LOG: 'Loading state cleared - loading:', false, 'loadingMore:', false
[1A[2KLOG: [36m'Loading state cleared - loading:', false, 'loadingMore:', false[39m
Chrome 141.0.0.0 (Windows 10): Executed 50 of 117[31m (2 FAILED)[39m (0 secs / 3.778 secs)
LOG: 'Loading state cleared - loading:', false, 'loadingMore:', false
[1A[2KChrome 141.0.0.0 (Windows 10): Executed 51 of 117[31m (2 FAILED)[39m (0 secs / 3.78 secs)
[1A[2KChrome 141.0.0.0 (Windows 10): Executed 52 of 117[31m (2 FAILED)[39m (0 secs / 3.781 secs)
[1A[2KChrome 141.0.0.0 (Windows 10): Executed 53 of 117[31m (2 FAILED)[39m (0 secs / 3.782 secs)
[1A[2KChrome 141.0.0.0 (Windows 10): Executed 54 of 117[31m (2 FAILED)[39m (0 secs / 3.783 secs)
[1A[2KChrome 141.0.0.0 (Windows 10): Executed 55 of 117[31m (2 FAILED)[39m (0 secs / 3.796 secs)
[1A[2KChrome 141.0.0.0 (Windows 10): Executed 56 of 117[31m (2 FAILED)[39m (0 secs / 3.798 secs)
[1A[2KChrome 141.0.0.0 (Windows 10): Executed 57 of 117[31m (2 FAILED)[39m (0 secs / 3.799 secs)
[1A[2KChrome 141.0.0.0 (Windows 10): Executed 58 of 117[31m (2 FAILED)[39m (0 secs / 3.802 secs)
[1A[2KChrome 141.0.0.0 (Windows 10): Executed 59 of 117[31m (2 FAILED)[39m (0 secs / 3.804 secs)
[1A[2KChrome 141.0.0.0 (Windows 10): Executed 60 of 117[31m (2 FAILED)[39m (0 secs / 3.805 secs)
[1A[2KChrome 141.0.0.0 (Windows 10): Executed 61 of 117[31m (2 FAILED)[39m (0 secs / 3.806 secs)
[1A[2KChrome 141.0.0.0 (Windows 10): Executed 62 of 117[31m (2 FAILED)[39m (0 secs / 3.809 secs)
[1A[2KChrome 141.0.0.0 (Windows 10): Executed 63 of 117[31m (2 FAILED)[39m (0 secs / 3.81 secs)
[1A[2KChrome 141.0.0.0 (Windows 10): Executed 64 of 117[31m (2 FAILED)[39m (0 secs / 3.811 secs)
[1A[2KChrome 141.0.0.0 (Windows 10): Executed 65 of 117[31m (2 FAILED)[39m (0 secs / 3.812 secs)
[1A[2KChrome 141.0.0.0 (Windows 10): Executed 66 of 117[31m (2 FAILED)[39m (0 secs / 3.815 secs)
[1A[2KChrome 141.0.0.0 (Windows 10): Executed 67 of 117[31m (2 FAILED)[39m (0 secs / 3.818 secs)
[1A[2KChrome 141.0.0.0 (Windows 10): Executed 68 of 117[31m (2 FAILED)[39m (0 secs / 3.819 secs)
[1A[2KChrome 141.0.0.0 (Windows 10): Executed 69 of 117[31m (2 FAILED)[39m (0 secs / 3.82 secs)
[1A[2KChrome 141.0.0.0 (Windows 10): Executed 70 of 117[31m (2 FAILED)[39m (0 secs / 3.821 secs)
[1A[2KChrome 141.0.0.0 (Windows 10): Executed 71 of 117[31m (2 FAILED)[39m (0 secs / 3.822 secs)
[1A[2KChrome 141.0.0.0 (Windows 10): Executed 72 of 117[31m (2 FAILED)[39m (0 secs / 3.823 secs)
[1A[2K[31mChrome 141.0.0.0 (Windows 10) authInterceptor should not add Authorization header for login requests FAILED[39m
	Error: NG0203: The `AuthService2` token injection failed. `inject()` function must be called from an injection context such as a constructor, a factory function, a field initializer, or a function used with `runInInjectionContext`. Find more at https://v20.angular.dev/errors/NG0203
	error properties: Object({ code: -203 })
	    at injectInjectorOnly (node_modules/@angular/core/fesm2022/root_effect_scheduler.mjs:1036:15)
	    at ╔╡╔╡inject (node_modules/@angular/core/fesm2022/root_effect_scheduler.mjs:1058:42)
	    at inject2 (node_modules/@angular/core/fesm2022/root_effect_scheduler.mjs:1144:12)
	    at authInterceptor (src/app/interceptors/auth.interceptor.ts:8:23)
	    at UserContext.<anonymous> (src/app/interceptors/auth.interceptor.spec.ts:51:25)
	    at _ZoneDelegate.invoke (node_modules/zone.js/fesm2015/zone.js:398:28)
	    at _ProxyZoneSpec.onInvoke (node_modules/zone.js/fesm2015/zone-testing.js:2132:39)
	    at _ZoneDelegate.invoke (node_modules/zone.js/fesm2015/zone.js:397:34)
	    at ZoneImpl.run (node_modules/zone.js/fesm2015/zone.js:113:43)
	    at runInTestZone (node_modules/zone.js/fesm2015/zone-testing.js:213:38)
Chrome 141.0.0.0 (Windows 10): Executed 73 of 117[31m (3 FAILED)[39m (0 secs / 4.089 secs)
[1A[2KLOG: [36m'Loading state cleared - loading:', false, 'loadingMore:', false[39m
Chrome 141.0.0.0 (Windows 10): Executed 73 of 117[31m (3 FAILED)[39m (0 secs / 4.089 secs)
LOG: 'Loading state cleared - loading:', false, 'loadingMore:', false
[1A[2K[31mChrome 141.0.0.0 (Windows 10) authInterceptor should not add Authorization header when token does not exist FAILED[39m
	Error: NG0203: The `AuthService2` token injection failed. `inject()` function must be called from an injection context such as a constructor, a factory function, a field initializer, or a function used with `runInInjectionContext`. Find more at https://v20.angular.dev/errors/NG0203
	error properties: Object({ code: -203 })
	    at injectInjectorOnly (node_modules/@angular/core/fesm2022/root_effect_scheduler.mjs:1036:15)
	    at ╔╡╔╡inject (node_modules/@angular/core/fesm2022/root_effect_scheduler.mjs:1058:42)
	    at inject2 (node_modules/@angular/core/fesm2022/root_effect_scheduler.mjs:1144:12)
	    at authInterceptor (src/app/interceptors/auth.interceptor.ts:8:23)
	    at UserContext.<anonymous> (src/app/interceptors/auth.interceptor.spec.ts:64:25)
	    at _ZoneDelegate.invoke (node_modules/zone.js/fesm2015/zone.js:398:28)
	    at _ProxyZoneSpec.onInvoke (node_modules/zone.js/fesm2015/zone-testing.js:2132:39)
	    at _ZoneDelegate.invoke (node_modules/zone.js/fesm2015/zone.js:397:34)
	    at ZoneImpl.run (node_modules/zone.js/fesm2015/zone.js:113:43)
	    at runInTestZone (node_modules/zone.js/fesm2015/zone-testing.js:213:38)
Chrome 141.0.0.0 (Windows 10): Executed 74 of 117[31m (4 FAILED)[39m (0 secs / 4.092 secs)
[1A[2K[31mChrome 141.0.0.0 (Windows 10) authInterceptor should add Authorization header when token exists and not login request FAILED[39m
	Error: NG0203: The `AuthService2` token injection failed. `inject()` function must be called from an injection context such as a constructor, a factory function, a field initializer, or a function used with `runInInjectionContext`. Find more at https://v20.angular.dev/errors/NG0203
	error properties: Object({ code: -203 })
	    at injectInjectorOnly (node_modules/@angular/core/fesm2022/root_effect_scheduler.mjs:1036:15)
	    at ╔╡╔╡inject (node_modules/@angular/core/fesm2022/root_effect_scheduler.mjs:1058:42)
	    at inject2 (node_modules/@angular/core/fesm2022/root_effect_scheduler.mjs:1144:12)
	    at authInterceptor (src/app/interceptors/auth.interceptor.ts:8:23)
	    at UserContext.<anonymous> (src/app/interceptors/auth.interceptor.spec.ts:37:25)
	    at _ZoneDelegate.invoke (node_modules/zone.js/fesm2015/zone.js:398:28)
	    at _ProxyZoneSpec.onInvoke (node_modules/zone.js/fesm2015/zone-testing.js:2132:39)
	    at _ZoneDelegate.invoke (node_modules/zone.js/fesm2015/zone.js:397:34)
	    at ZoneImpl.run (node_modules/zone.js/fesm2015/zone.js:113:43)
	    at runInTestZone (node_modules/zone.js/fesm2015/zone-testing.js:213:38)
Chrome 141.0.0.0 (Windows 10): Executed 75 of 117[31m (5 FAILED)[39m (0 secs / 4.094 secs)
[1A[2K[31mChrome 141.0.0.0 (Windows 10) authInterceptor should pass through successful requests FAILED[39m
	Error: NG0203: The `AuthService2` token injection failed. `inject()` function must be called from an injection context such as a constructor, a factory function, a field initializer, or a function used with `runInInjectionContext`. Find more at https://v20.angular.dev/errors/NG0203
	error properties: Object({ code: -203 })
	    at injectInjectorOnly (node_modules/@angular/core/fesm2022/root_effect_scheduler.mjs:1036:15)
	    at ╔╡╔╡inject (node_modules/@angular/core/fesm2022/root_effect_scheduler.mjs:1058:42)
	    at inject2 (node_modules/@angular/core/fesm2022/root_effect_scheduler.mjs:1144:12)
	    at authInterceptor (src/app/interceptors/auth.interceptor.ts:8:23)
	    at UserContext.<anonymous> (src/app/interceptors/auth.interceptor.spec.ts:115:25)
	    at _ZoneDelegate.invoke (node_modules/zone.js/fesm2015/zone.js:398:28)
	    at _ProxyZoneSpec.onInvoke (node_modules/zone.js/fesm2015/zone-testing.js:2132:39)
	    at _ZoneDelegate.invoke (node_modules/zone.js/fesm2015/zone.js:397:34)
	    at ZoneImpl.run (node_modules/zone.js/fesm2015/zone.js:113:43)
	    at runInTestZone (node_modules/zone.js/fesm2015/zone-testing.js:213:38)
Chrome 141.0.0.0 (Windows 10): Executed 76 of 117[31m (6 FAILED)[39m (0 secs / 4.095 secs)
[1A[2K[31mChrome 141.0.0.0 (Windows 10) authInterceptor should handle 401 error by logging out and redirecting to login FAILED[39m
	Error: NG0203: The `AuthService2` token injection failed. `inject()` function must be called from an injection context such as a constructor, a factory function, a field initializer, or a function used with `runInInjectionContext`. Find more at https://v20.angular.dev/errors/NG0203
	error properties: Object({ code: -203 })
	    at injectInjectorOnly (node_modules/@angular/core/fesm2022/root_effect_scheduler.mjs:1036:15)
	    at ╔╡╔╡inject (node_modules/@angular/core/fesm2022/root_effect_scheduler.mjs:1058:42)
	    at inject2 (node_modules/@angular/core/fesm2022/root_effect_scheduler.mjs:1144:12)
	    at authInterceptor (src/app/interceptors/auth.interceptor.ts:8:23)
	    at UserContext.<anonymous> (src/app/interceptors/auth.interceptor.spec.ts:79:25)
	    at _ZoneDelegate.invoke (node_modules/zone.js/fesm2015/zone.js:398:28)
	    at _ProxyZoneSpec.onInvoke (node_modules/zone.js/fesm2015/zone-testing.js:2132:39)
	    at _ZoneDelegate.invoke (node_modules/zone.js/fesm2015/zone.js:397:34)
	    at ZoneImpl.run (node_modules/zone.js/fesm2015/zone.js:113:43)
	    at runInTestZone (node_modules/zone.js/fesm2015/zone-testing.js:213:38)
Chrome 141.0.0.0 (Windows 10): Executed 77 of 117[31m (7 FAILED)[39m (0 secs / 4.096 secs)
[1A[2K[31mChrome 141.0.0.0 (Windows 10) authInterceptor should not handle non-401 errors FAILED[39m
	Error: NG0203: The `AuthService2` token injection failed. `inject()` function must be called from an injection context such as a constructor, a factory function, a field initializer, or a function used with `runInInjectionContext`. Find more at https://v20.angular.dev/errors/NG0203
	error properties: Object({ code: -203 })
	    at injectInjectorOnly (node_modules/@angular/core/fesm2022/root_effect_scheduler.mjs:1036:15)
	    at ╔╡╔╡inject (node_modules/@angular/core/fesm2022/root_effect_scheduler.mjs:1058:42)
	    at inject2 (node_modules/@angular/core/fesm2022/root_effect_scheduler.mjs:1144:12)
	    at authInterceptor (src/app/interceptors/auth.interceptor.ts:8:23)
	    at UserContext.<anonymous> (src/app/interceptors/auth.interceptor.spec.ts:97:25)
	    at _ZoneDelegate.invoke (node_modules/zone.js/fesm2015/zone.js:398:28)
	    at _ProxyZoneSpec.onInvoke (node_modules/zone.js/fesm2015/zone-testing.js:2132:39)
	    at _ZoneDelegate.invoke (node_modules/zone.js/fesm2015/zone.js:397:34)
	    at ZoneImpl.run (node_modules/zone.js/fesm2015/zone.js:113:43)
	    at runInTestZone (node_modules/zone.js/fesm2015/zone-testing.js:213:38)
Chrome 141.0.0.0 (Windows 10): Executed 78 of 117[31m (8 FAILED)[39m (0 secs / 4.098 secs)
[1A[2K[31mChrome 141.0.0.0 (Windows 10) authInterceptor should clone request with Authorization header FAILED[39m
	Error: NG0203: The `AuthService2` token injection failed. `inject()` function must be called from an injection context such as a constructor, a factory function, a field initializer, or a function used with `runInInjectionContext`. Find more at https://v20.angular.dev/errors/NG0203
	error properties: Object({ code: -203 })
	    at injectInjectorOnly (node_modules/@angular/core/fesm2022/root_effect_scheduler.mjs:1036:15)
	    at ╔╡╔╡inject (node_modules/@angular/core/fesm2022/root_effect_scheduler.mjs:1058:42)
	    at inject2 (node_modules/@angular/core/fesm2022/root_effect_scheduler.mjs:1144:12)
	    at authInterceptor (src/app/interceptors/auth.interceptor.ts:8:23)
	    at UserContext.<anonymous> (src/app/interceptors/auth.interceptor.spec.ts:127:25)
	    at _ZoneDelegate.invoke (node_modules/zone.js/fesm2015/zone.js:398:28)
	    at _ProxyZoneSpec.onInvoke (node_modules/zone.js/fesm2015/zone-testing.js:2132:39)
	    at _ZoneDelegate.invoke (node_modules/zone.js/fesm2015/zone.js:397:34)
	    at ZoneImpl.run (node_modules/zone.js/fesm2015/zone.js:113:43)
	    at runInTestZone (node_modules/zone.js/fesm2015/zone-testing.js:213:38)
Chrome 141.0.0.0 (Windows 10): Executed 79 of 117[31m (9 FAILED)[39m (0 secs / 4.099 secs)
[1A[2KChrome 141.0.0.0 (Windows 10): Executed 80 of 117[31m (9 FAILED)[39m (0 secs / 4.103 secs)
[1A[2KChrome 141.0.0.0 (Windows 10): Executed 81 of 117[31m (9 FAILED)[39m (0 secs / 4.106 secs)
[1A[2KChrome 141.0.0.0 (Windows 10): Executed 82 of 117[31m (9 FAILED)[39m (0 secs / 4.109 secs)
[1A[2KChrome 141.0.0.0 (Windows 10): Executed 83 of 117[31m (9 FAILED)[39m (0 secs / 4.11 secs)
[1A[2KChrome 141.0.0.0 (Windows 10): Executed 84 of 117[31m (9 FAILED)[39m (0 secs / 4.111 secs)
[1A[2KChrome 141.0.0.0 (Windows 10): Executed 85 of 117[31m (9 FAILED)[39m (0 secs / 4.112 secs)
[1A[2KChrome 141.0.0.0 (Windows 10): Executed 86 of 117[31m (9 FAILED)[39m (0 secs / 4.113 secs)
[1A[2K[31mChrome 141.0.0.0 (Windows 10) AuthService logout should update authentication state FAILED[39m
	Error: An asynchronous spec, beforeEach, or afterEach function called its 'done' callback more than once.
	(in spec: AuthService logout should update authentication state)
	    at <Jasmine>
	    at Object.next (src/app/services/auth.service.spec.ts:137:11)
	    at ConsumerObserver.next (node_modules/rxjs/dist/esm/internal/Subscriber.js:91:33)
	    at SafeSubscriber._next (node_modules/rxjs/dist/esm/internal/Subscriber.js:60:26)
	    at SafeSubscriber.next (node_modules/rxjs/dist/esm/internal/Subscriber.js:31:18)
	    at node_modules/rxjs/dist/esm/internal/Subject.js:34:30
	    at errorContext (node_modules/rxjs/dist/esm/internal/util/errorContext.js:19:9)
	    at BehaviorSubject.next (node_modules/rxjs/dist/esm/internal/Subject.js:27:9)
Chrome 141.0.0.0 (Windows 10): Executed 87 of 117[31m (10 FAILED)[39m (0 secs / 4.115 secs)
[1A[2KChrome 141.0.0.0 (Windows 10): Executed 88 of 117[31m (10 FAILED)[39m (0 secs / 4.116 secs)
[1A[2KChrome 141.0.0.0 (Windows 10): Executed 89 of 117[31m (10 FAILED)[39m (0 secs / 4.117 secs)
[1A[2KChrome 141.0.0.0 (Windows 10): Executed 90 of 117[31m (10 FAILED)[39m (0 secs / 4.119 secs)
[1A[2KChrome 141.0.0.0 (Windows 10): Executed 91 of 117[31m (10 FAILED)[39m (0 secs / 4.12 secs)
[1A[2KChrome 141.0.0.0 (Windows 10): Executed 92 of 117[31m (10 FAILED)[39m (0 secs / 4.121 secs)
[1A[2KChrome 141.0.0.0 (Windows 10): Executed 93 of 117[31m (10 FAILED)[39m (0 secs / 4.122 secs)
[1A[2KChrome 141.0.0.0 (Windows 10): Executed 94 of 117[31m (10 FAILED)[39m (0 secs / 4.123 secs)
[1A[2KChrome 141.0.0.0 (Windows 10): Executed 95 of 117[31m (10 FAILED)[39m (0 secs / 4.124 secs)
[1A[2KChrome 141.0.0.0 (Windows 10): Executed 96 of 117[31m (10 FAILED)[39m (0 secs / 4.142 secs)
[1A[2KChrome 141.0.0.0 (Windows 10): Executed 97 of 117[31m (10 FAILED)[39m (0 secs / 4.144 secs)
[1A[2KChrome 141.0.0.0 (Windows 10): Executed 98 of 117[31m (10 FAILED)[39m (0 secs / 4.145 secs)
[1A[2KChrome 141.0.0.0 (Windows 10): Executed 99 of 117[31m (10 FAILED)[39m (0 secs / 4.146 secs)
[1A[2KChrome 141.0.0.0 (Windows 10): Executed 100 of 117[31m (10 FAILED)[39m (0 secs / 4.147 secs)
[1A[2KChrome 141.0.0.0 (Windows 10): Executed 101 of 117[31m (10 FAILED)[39m (0 secs / 4.16 secs)
[1A[2KWARN: [36m'
  It looks like you're using the disabled attribute with a reactive form directive. If you set disabled to true
  when you set up this control in your component class, the disabled attribute will actually be set in the DOM for
  you. We recommend using this approach to avoid 'changed after checked' errors.

  Example:
  // Specify the `disabled` property at control creation time:
  form = new FormGroup({
    first: new FormControl({value: 'Nancy', disabled: true}, Validators.required),
    last: new FormControl('Drew', Validators.required)
  });

  // Controls can also be enabled/disabled after creation:
  form.get('first')?.enable();
  form.get('last')?.disable();
'[39m
Chrome 141.0.0.0 (Windows 10): Executed 101 of 117[31m (10 FAILED)[39m (0 secs / 4.16 secs)
WARN: '
  It looks like you're using the disabled attribute with a reactive form directive. If you set disabled to true
  when you set up this control in your component class, the disabled attribute will actually be set in the DOM for
  you. We recommend using this approach to avoid 'changed after checked' errors.

  Example:
  // Specify the `disabled` property at control creation time:
  form = new FormGroup({
    first: new FormControl({value: 'Nancy', disabled: true}, Validators.required),
    last: new FormControl('Drew', Validators.required)
  });

  // Controls can also be enabled/disabled after creation:
  form.get('first')?.enable();
  form.get('last')?.disable();
'
[1A[2KWARN: [36m'
  It looks like you're using the disabled attribute with a reactive form directive. If you set disabled to true
  when you set up this control in your component class, the disabled attribute will actually be set in the DOM for
  you. We recommend using this approach to avoid 'changed after checked' errors.

  Example:
  // Specify the `disabled` property at control creation time:
  form = new FormGroup({
    first: new FormControl({value: 'Nancy', disabled: true}, Validators.required),
    last: new FormControl('Drew', Validators.required)
  });

  // Controls can also be enabled/disabled after creation:
  form.get('first')?.enable();
  form.get('last')?.disable();
'[39m
Chrome 141.0.0.0 (Windows 10): Executed 101 of 117[31m (10 FAILED)[39m (0 secs / 4.16 secs)
WARN: '
  It looks like you're using the disabled attribute with a reactive form directive. If you set disabled to true
  when you set up this control in your component class, the disabled attribute will actually be set in the DOM for
  you. We recommend using this approach to avoid 'changed after checked' errors.

  Example:
  // Specify the `disabled` property at control creation time:
  form = new FormGroup({
    first: new FormControl({value: 'Nancy', disabled: true}, Validators.required),
    last: new FormControl('Drew', Validators.required)
  });

  // Controls can also be enabled/disabled after creation:
  form.get('first')?.enable();
  form.get('last')?.disable();
'
[1A[2KChrome 141.0.0.0 (Windows 10): Executed 102 of 117[31m (10 FAILED)[39m (0 secs / 4.178 secs)
[1A[2KWARN: [36m'
  It looks like you're using the disabled attribute with a reactive form directive. If you set disabled to true
  when you set up this control in your component class, the disabled attribute will actually be set in the DOM for
  you. We recommend using this approach to avoid 'changed after checked' errors.

  Example:
  // Specify the `disabled` property at control creation time:
  form = new FormGroup({
    first: new FormControl({value: 'Nancy', disabled: true}, Validators.required),
    last: new FormControl('Drew', Validators.required)
  });

  // Controls can also be enabled/disabled after creation:
  form.get('first')?.enable();
  form.get('last')?.disable();
'[39m
Chrome 141.0.0.0 (Windows 10): Executed 102 of 117[31m (10 FAILED)[39m (0 secs / 4.178 secs)
WARN: '
  It looks like you're using the disabled attribute with a reactive form directive. If you set disabled to true
  when you set up this control in your component class, the disabled attribute will actually be set in the DOM for
  you. We recommend using this approach to avoid 'changed after checked' errors.

  Example:
  // Specify the `disabled` property at control creation time:
  form = new FormGroup({
    first: new FormControl({value: 'Nancy', disabled: true}, Validators.required),
    last: new FormControl('Drew', Validators.required)
  });

  // Controls can also be enabled/disabled after creation:
  form.get('first')?.enable();
  form.get('last')?.disable();
'
[1A[2KWARN: [36m'
  It looks like you're using the disabled attribute with a reactive form directive. If you set disabled to true
  when you set up this control in your component class, the disabled attribute will actually be set in the DOM for
  you. We recommend using this approach to avoid 'changed after checked' errors.

  Example:
  // Specify the `disabled` property at control creation time:
  form = new FormGroup({
    first: new FormControl({value: 'Nancy', disabled: true}, Validators.required),
    last: new FormControl('Drew', Validators.required)
  });

  // Controls can also be enabled/disabled after creation:
  form.get('first')?.enable();
  form.get('last')?.disable();
'[39m
Chrome 141.0.0.0 (Windows 10): Executed 102 of 117[31m (10 FAILED)[39m (0 secs / 4.178 secs)
WARN: '
  It looks like you're using the disabled attribute with a reactive form directive. If you set disabled to true
  when you set up this control in your component class, the disabled attribute will actually be set in the DOM for
  you. We recommend using this approach to avoid 'changed after checked' errors.

  Example:
  // Specify the `disabled` property at control creation time:
  form = new FormGroup({
    first: new FormControl({value: 'Nancy', disabled: true}, Validators.required),
    last: new FormControl('Drew', Validators.required)
  });

  // Controls can also be enabled/disabled after creation:
  form.get('first')?.enable();
  form.get('last')?.disable();
'
[1A[2KChrome 141.0.0.0 (Windows 10): Executed 103 of 117[31m (10 FAILED)[39m (0 secs / 4.292 secs)
[1A[2KWARN: [36m'
  It looks like you're using the disabled attribute with a reactive form directive. If you set disabled to true
  when you set up this control in your component class, the disabled attribute will actually be set in the DOM for
  you. We recommend using this approach to avoid 'changed after checked' errors.

  Example:
  // Specify the `disabled` property at control creation time:
  form = new FormGroup({
    first: new FormControl({value: 'Nancy', disabled: true}, Validators.required),
    last: new FormControl('Drew', Validators.required)
  });

  // Controls can also be enabled/disabled after creation:
  form.get('first')?.enable();
  form.get('last')?.disable();
'[39m
Chrome 141.0.0.0 (Windows 10): Executed 103 of 117[31m (10 FAILED)[39m (0 secs / 4.292 secs)
WARN: '
  It looks like you're using the disabled attribute with a reactive form directive. If you set disabled to true
  when you set up this control in your component class, the disabled attribute will actually be set in the DOM for
  you. We recommend using this approach to avoid 'changed after checked' errors.

  Example:
  // Specify the `disabled` property at control creation time:
  form = new FormGroup({
    first: new FormControl({value: 'Nancy', disabled: true}, Validators.required),
    last: new FormControl('Drew', Validators.required)
  });

  // Controls can also be enabled/disabled after creation:
  form.get('first')?.enable();
  form.get('last')?.disable();
'
[1A[2KWARN: [36m'
  It looks like you're using the disabled attribute with a reactive form directive. If you set disabled to true
  when you set up this control in your component class, the disabled attribute will actually be set in the DOM for
  you. We recommend using this approach to avoid 'changed after checked' errors.

  Example:
  // Specify the `disabled` property at control creation time:
  form = new FormGroup({
    first: new FormControl({value: 'Nancy', disabled: true}, Validators.required),
    last: new FormControl('Drew', Validators.required)
  });

  // Controls can also be enabled/disabled after creation:
  form.get('first')?.enable();
  form.get('last')?.disable();
'[39m
Chrome 141.0.0.0 (Windows 10): Executed 103 of 117[31m (10 FAILED)[39m (0 secs / 4.292 secs)
WARN: '
  It looks like you're using the disabled attribute with a reactive form directive. If you set disabled to true
  when you set up this control in your component class, the disabled attribute will actually be set in the DOM for
  you. We recommend using this approach to avoid 'changed after checked' errors.

  Example:
  // Specify the `disabled` property at control creation time:
  form = new FormGroup({
    first: new FormControl({value: 'Nancy', disabled: true}, Validators.required),
    last: new FormControl('Drew', Validators.required)
  });

  // Controls can also be enabled/disabled after creation:
  form.get('first')?.enable();
  form.get('last')?.disable();
'
[1A[2KChrome 141.0.0.0 (Windows 10): Executed 104 of 117[31m (10 FAILED)[39m (0 secs / 4.3 secs)
[1A[2KWARN: [36m'
  It looks like you're using the disabled attribute with a reactive form directive. If you set disabled to true
  when you set up this control in your component class, the disabled attribute will actually be set in the DOM for
  you. We recommend using this approach to avoid 'changed after checked' errors.

  Example:
  // Specify the `disabled` property at control creation time:
  form = new FormGroup({
    first: new FormControl({value: 'Nancy', disabled: true}, Validators.required),
    last: new FormControl('Drew', Validators.required)
  });

  // Controls can also be enabled/disabled after creation:
  form.get('first')?.enable();
  form.get('last')?.disable();
'[39m
Chrome 141.0.0.0 (Windows 10): Executed 104 of 117[31m (10 FAILED)[39m (0 secs / 4.3 secs)
WARN: '
  It looks like you're using the disabled attribute with a reactive form directive. If you set disabled to true
  when you set up this control in your component class, the disabled attribute will actually be set in the DOM for
  you. We recommend using this approach to avoid 'changed after checked' errors.

  Example:
  // Specify the `disabled` property at control creation time:
  form = new FormGroup({
    first: new FormControl({value: 'Nancy', disabled: true}, Validators.required),
    last: new FormControl('Drew', Validators.required)
  });

  // Controls can also be enabled/disabled after creation:
  form.get('first')?.enable();
  form.get('last')?.disable();
'
[1A[2KWARN: [36m'
  It looks like you're using the disabled attribute with a reactive form directive. If you set disabled to true
  when you set up this control in your component class, the disabled attribute will actually be set in the DOM for
  you. We recommend using this approach to avoid 'changed after checked' errors.

  Example:
  // Specify the `disabled` property at control creation time:
  form = new FormGroup({
    first: new FormControl({value: 'Nancy', disabled: true}, Validators.required),
    last: new FormControl('Drew', Validators.required)
  });

  // Controls can also be enabled/disabled after creation:
  form.get('first')?.enable();
  form.get('last')?.disable();
'[39m
Chrome 141.0.0.0 (Windows 10): Executed 104 of 117[31m (10 FAILED)[39m (0 secs / 4.3 secs)
WARN: '
  It looks like you're using the disabled attribute with a reactive form directive. If you set disabled to true
  when you set up this control in your component class, the disabled attribute will actually be set in the DOM for
  you. We recommend using this approach to avoid 'changed after checked' errors.

  Example:
  // Specify the `disabled` property at control creation time:
  form = new FormGroup({
    first: new FormControl({value: 'Nancy', disabled: true}, Validators.required),
    last: new FormControl('Drew', Validators.required)
  });

  // Controls can also be enabled/disabled after creation:
  form.get('first')?.enable();
  form.get('last')?.disable();
'
[1A[2KChrome 141.0.0.0 (Windows 10): Executed 105 of 117[31m (10 FAILED)[39m (0 secs / 4.311 secs)
[1A[2KWARN: [36m'
  It looks like you're using the disabled attribute with a reactive form directive. If you set disabled to true
  when you set up this control in your component class, the disabled attribute will actually be set in the DOM for
  you. We recommend using this approach to avoid 'changed after checked' errors.

  Example:
  // Specify the `disabled` property at control creation time:
  form = new FormGroup({
    first: new FormControl({value: 'Nancy', disabled: true}, Validators.required),
    last: new FormControl('Drew', Validators.required)
  });

  // Controls can also be enabled/disabled after creation:
  form.get('first')?.enable();
  form.get('last')?.disable();
'[39m
Chrome 141.0.0.0 (Windows 10): Executed 105 of 117[31m (10 FAILED)[39m (0 secs / 4.311 secs)
WARN: '
  It looks like you're using the disabled attribute with a reactive form directive. If you set disabled to true
  when you set up this control in your component class, the disabled attribute will actually be set in the DOM for
  you. We recommend using this approach to avoid 'changed after checked' errors.

  Example:
  // Specify the `disabled` property at control creation time:
  form = new FormGroup({
    first: new FormControl({value: 'Nancy', disabled: true}, Validators.required),
    last: new FormControl('Drew', Validators.required)
  });

  // Controls can also be enabled/disabled after creation:
  form.get('first')?.enable();
  form.get('last')?.disable();
'
[1A[2KWARN: [36m'
  It looks like you're using the disabled attribute with a reactive form directive. If you set disabled to true
  when you set up this control in your component class, the disabled attribute will actually be set in the DOM for
  you. We recommend using this approach to avoid 'changed after checked' errors.

  Example:
  // Specify the `disabled` property at control creation time:
  form = new FormGroup({
    first: new FormControl({value: 'Nancy', disabled: true}, Validators.required),
    last: new FormControl('Drew', Validators.required)
  });

  // Controls can also be enabled/disabled after creation:
  form.get('first')?.enable();
  form.get('last')?.disable();
'[39m
Chrome 141.0.0.0 (Windows 10): Executed 105 of 117[31m (10 FAILED)[39m (0 secs / 4.311 secs)
WARN: '
  It looks like you're using the disabled attribute with a reactive form directive. If you set disabled to true
  when you set up this control in your component class, the disabled attribute will actually be set in the DOM for
  you. We recommend using this approach to avoid 'changed after checked' errors.

  Example:
  // Specify the `disabled` property at control creation time:
  form = new FormGroup({
    first: new FormControl({value: 'Nancy', disabled: true}, Validators.required),
    last: new FormControl('Drew', Validators.required)
  });

  // Controls can also be enabled/disabled after creation:
  form.get('first')?.enable();
  form.get('last')?.disable();
'
[1A[2KChrome 141.0.0.0 (Windows 10): Executed 106 of 117[31m (10 FAILED)[39m (0 secs / 4.423 secs)
[1A[2KWARN: [36m'
  It looks like you're using the disabled attribute with a reactive form directive. If you set disabled to true
  when you set up this control in your component class, the disabled attribute will actually be set in the DOM for
  you. We recommend using this approach to avoid 'changed after checked' errors.

  Example:
  // Specify the `disabled` property at control creation time:
  form = new FormGroup({
    first: new FormControl({value: 'Nancy', disabled: true}, Validators.required),
    last: new FormControl('Drew', Validators.required)
  });

  // Controls can also be enabled/disabled after creation:
  form.get('first')?.enable();
  form.get('last')?.disable();
'[39m
Chrome 141.0.0.0 (Windows 10): Executed 106 of 117[31m (10 FAILED)[39m (0 secs / 4.423 secs)
WARN: '
  It looks like you're using the disabled attribute with a reactive form directive. If you set disabled to true
  when you set up this control in your component class, the disabled attribute will actually be set in the DOM for
  you. We recommend using this approach to avoid 'changed after checked' errors.

  Example:
  // Specify the `disabled` property at control creation time:
  form = new FormGroup({
    first: new FormControl({value: 'Nancy', disabled: true}, Validators.required),
    last: new FormControl('Drew', Validators.required)
  });

  // Controls can also be enabled/disabled after creation:
  form.get('first')?.enable();
  form.get('last')?.disable();
'
[1A[2KWARN: [36m'
  It looks like you're using the disabled attribute with a reactive form directive. If you set disabled to true
  when you set up this control in your component class, the disabled attribute will actually be set in the DOM for
  you. We recommend using this approach to avoid 'changed after checked' errors.

  Example:
  // Specify the `disabled` property at control creation time:
  form = new FormGroup({
    first: new FormControl({value: 'Nancy', disabled: true}, Validators.required),
    last: new FormControl('Drew', Validators.required)
  });

  // Controls can also be enabled/disabled after creation:
  form.get('first')?.enable();
  form.get('last')?.disable();
'[39m
Chrome 141.0.0.0 (Windows 10): Executed 106 of 117[31m (10 FAILED)[39m (0 secs / 4.423 secs)
WARN: '
  It looks like you're using the disabled attribute with a reactive form directive. If you set disabled to true
  when you set up this control in your component class, the disabled attribute will actually be set in the DOM for
  you. We recommend using this approach to avoid 'changed after checked' errors.

  Example:
  // Specify the `disabled` property at control creation time:
  form = new FormGroup({
    first: new FormControl({value: 'Nancy', disabled: true}, Validators.required),
    last: new FormControl('Drew', Validators.required)
  });

  // Controls can also be enabled/disabled after creation:
  form.get('first')?.enable();
  form.get('last')?.disable();
'
[1A[2KChrome 141.0.0.0 (Windows 10): Executed 107 of 117[31m (10 FAILED)[39m (0 secs / 4.531 secs)
[1A[2KWARN: [36m'
  It looks like you're using the disabled attribute with a reactive form directive. If you set disabled to true
  when you set up this control in your component class, the disabled attribute will actually be set in the DOM for
  you. We recommend using this approach to avoid 'changed after checked' errors.

  Example:
  // Specify the `disabled` property at control creation time:
  form = new FormGroup({
    first: new FormControl({value: 'Nancy', disabled: true}, Validators.required),
    last: new FormControl('Drew', Validators.required)
  });

  // Controls can also be enabled/disabled after creation:
  form.get('first')?.enable();
  form.get('last')?.disable();
'[39m
Chrome 141.0.0.0 (Windows 10): Executed 107 of 117[31m (10 FAILED)[39m (0 secs / 4.531 secs)
WARN: '
  It looks like you're using the disabled attribute with a reactive form directive. If you set disabled to true
  when you set up this control in your component class, the disabled attribute will actually be set in the DOM for
  you. We recommend using this approach to avoid 'changed after checked' errors.

  Example:
  // Specify the `disabled` property at control creation time:
  form = new FormGroup({
    first: new FormControl({value: 'Nancy', disabled: true}, Validators.required),
    last: new FormControl('Drew', Validators.required)
  });

  // Controls can also be enabled/disabled after creation:
  form.get('first')?.enable();
  form.get('last')?.disable();
'
[1A[2KWARN: [36m'
  It looks like you're using the disabled attribute with a reactive form directive. If you set disabled to true
  when you set up this control in your component class, the disabled attribute will actually be set in the DOM for
  you. We recommend using this approach to avoid 'changed after checked' errors.

  Example:
  // Specify the `disabled` property at control creation time:
  form = new FormGroup({
    first: new FormControl({value: 'Nancy', disabled: true}, Validators.required),
    last: new FormControl('Drew', Validators.required)
  });

  // Controls can also be enabled/disabled after creation:
  form.get('first')?.enable();
  form.get('last')?.disable();
'[39m
Chrome 141.0.0.0 (Windows 10): Executed 107 of 117[31m (10 FAILED)[39m (0 secs / 4.531 secs)
WARN: '
  It looks like you're using the disabled attribute with a reactive form directive. If you set disabled to true
  when you set up this control in your component class, the disabled attribute will actually be set in the DOM for
  you. We recommend using this approach to avoid 'changed after checked' errors.

  Example:
  // Specify the `disabled` property at control creation time:
  form = new FormGroup({
    first: new FormControl({value: 'Nancy', disabled: true}, Validators.required),
    last: new FormControl('Drew', Validators.required)
  });

  // Controls can also be enabled/disabled after creation:
  form.get('first')?.enable();
  form.get('last')?.disable();
'
[1A[2K[31mChrome 141.0.0.0 (Windows 10) LoginComponent onSubmit should set loading to true during login FAILED[39m
	Expected false to be true.
	    at <Jasmine>
	    at UserContext.<anonymous> (src/app/components/login/login.component.spec.ts:173:33)
	    at _ZoneDelegate.invoke (node_modules/zone.js/fesm2015/zone.js:398:28)
	    at _ProxyZoneSpec.onInvoke (node_modules/zone.js/fesm2015/zone-testing.js:2132:39)
	    at _ZoneDelegate.invoke (node_modules/zone.js/fesm2015/zone.js:397:34)
Chrome 141.0.0.0 (Windows 10): Executed 108 of 117[31m (11 FAILED)[39m (0 secs / 4.542 secs)
[1A[2KWARN: [36m'
  It looks like you're using the disabled attribute with a reactive form directive. If you set disabled to true
  when you set up this control in your component class, the disabled attribute will actually be set in the DOM for
  you. We recommend using this approach to avoid 'changed after checked' errors.

  Example:
  // Specify the `disabled` property at control creation time:
  form = new FormGroup({
    first: new FormControl({value: 'Nancy', disabled: true}, Validators.required),
    last: new FormControl('Drew', Validators.required)
  });

  // Controls can also be enabled/disabled after creation:
  form.get('first')?.enable();
  form.get('last')?.disable();
'[39m
Chrome 141.0.0.0 (Windows 10): Executed 108 of 117[31m (11 FAILED)[39m (0 secs / 4.542 secs)
WARN: '
  It looks like you're using the disabled attribute with a reactive form directive. If you set disabled to true
  when you set up this control in your component class, the disabled attribute will actually be set in the DOM for
  you. We recommend using this approach to avoid 'changed after checked' errors.

  Example:
  // Specify the `disabled` property at control creation time:
  form = new FormGroup({
    first: new FormControl({value: 'Nancy', disabled: true}, Validators.required),
    last: new FormControl('Drew', Validators.required)
  });

  // Controls can also be enabled/disabled after creation:
  form.get('first')?.enable();
  form.get('last')?.disable();
'
[1A[2KWARN: [36m'
  It looks like you're using the disabled attribute with a reactive form directive. If you set disabled to true
  when you set up this control in your component class, the disabled attribute will actually be set in the DOM for
  you. We recommend using this approach to avoid 'changed after checked' errors.

  Example:
  // Specify the `disabled` property at control creation time:
  form = new FormGroup({
    first: new FormControl({value: 'Nancy', disabled: true}, Validators.required),
    last: new FormControl('Drew', Validators.required)
  });

  // Controls can also be enabled/disabled after creation:
  form.get('first')?.enable();
  form.get('last')?.disable();
'[39m
Chrome 141.0.0.0 (Windows 10): Executed 108 of 117[31m (11 FAILED)[39m (0 secs / 4.542 secs)
WARN: '
  It looks like you're using the disabled attribute with a reactive form directive. If you set disabled to true
  when you set up this control in your component class, the disabled attribute will actually be set in the DOM for
  you. We recommend using this approach to avoid 'changed after checked' errors.

  Example:
  // Specify the `disabled` property at control creation time:
  form = new FormGroup({
    first: new FormControl({value: 'Nancy', disabled: true}, Validators.required),
    last: new FormControl('Drew', Validators.required)
  });

  // Controls can also be enabled/disabled after creation:
  form.get('first')?.enable();
  form.get('last')?.disable();
'
[1A[2KChrome 141.0.0.0 (Windows 10): Executed 109 of 117[31m (11 FAILED)[39m (0 secs / 4.653 secs)
[1A[2KWARN: [36m'
  It looks like you're using the disabled attribute with a reactive form directive. If you set disabled to true
  when you set up this control in your component class, the disabled attribute will actually be set in the DOM for
  you. We recommend using this approach to avoid 'changed after checked' errors.

  Example:
  // Specify the `disabled` property at control creation time:
  form = new FormGroup({
    first: new FormControl({value: 'Nancy', disabled: true}, Validators.required),
    last: new FormControl('Drew', Validators.required)
  });

  // Controls can also be enabled/disabled after creation:
  form.get('first')?.enable();
  form.get('last')?.disable();
'[39m
Chrome 141.0.0.0 (Windows 10): Executed 109 of 117[31m (11 FAILED)[39m (0 secs / 4.653 secs)
WARN: '
  It looks like you're using the disabled attribute with a reactive form directive. If you set disabled to true
  when you set up this control in your component class, the disabled attribute will actually be set in the DOM for
  you. We recommend using this approach to avoid 'changed after checked' errors.

  Example:
  // Specify the `disabled` property at control creation time:
  form = new FormGroup({
    first: new FormControl({value: 'Nancy', disabled: true}, Validators.required),
    last: new FormControl('Drew', Validators.required)
  });

  // Controls can also be enabled/disabled after creation:
  form.get('first')?.enable();
  form.get('last')?.disable();
'
[1A[2KWARN: [36m'
  It looks like you're using the disabled attribute with a reactive form directive. If you set disabled to true
  when you set up this control in your component class, the disabled attribute will actually be set in the DOM for
  you. We recommend using this approach to avoid 'changed after checked' errors.

  Example:
  // Specify the `disabled` property at control creation time:
  form = new FormGroup({
    first: new FormControl({value: 'Nancy', disabled: true}, Validators.required),
    last: new FormControl('Drew', Validators.required)
  });

  // Controls can also be enabled/disabled after creation:
  form.get('first')?.enable();
  form.get('last')?.disable();
'[39m
Chrome 141.0.0.0 (Windows 10): Executed 109 of 117[31m (11 FAILED)[39m (0 secs / 4.653 secs)
WARN: '
  It looks like you're using the disabled attribute with a reactive form directive. If you set disabled to true
  when you set up this control in your component class, the disabled attribute will actually be set in the DOM for
  you. We recommend using this approach to avoid 'changed after checked' errors.

  Example:
  // Specify the `disabled` property at control creation time:
  form = new FormGroup({
    first: new FormControl({value: 'Nancy', disabled: true}, Validators.required),
    last: new FormControl('Drew', Validators.required)
  });

  // Controls can also be enabled/disabled after creation:
  form.get('first')?.enable();
  form.get('last')?.disable();
'
[1A[2KChrome 141.0.0.0 (Windows 10): Executed 110 of 117[31m (11 FAILED)[39m (0 secs / 4.661 secs)
[1A[2KWARN: [36m'
  It looks like you're using the disabled attribute with a reactive form directive. If you set disabled to true
  when you set up this control in your component class, the disabled attribute will actually be set in the DOM for
  you. We recommend using this approach to avoid 'changed after checked' errors.

  Example:
  // Specify the `disabled` property at control creation time:
  form = new FormGroup({
    first: new FormControl({value: 'Nancy', disabled: true}, Validators.required),
    last: new FormControl('Drew', Validators.required)
  });

  // Controls can also be enabled/disabled after creation:
  form.get('first')?.enable();
  form.get('last')?.disable();
'[39m
Chrome 141.0.0.0 (Windows 10): Executed 110 of 117[31m (11 FAILED)[39m (0 secs / 4.661 secs)
WARN: '
  It looks like you're using the disabled attribute with a reactive form directive. If you set disabled to true
  when you set up this control in your component class, the disabled attribute will actually be set in the DOM for
  you. We recommend using this approach to avoid 'changed after checked' errors.

  Example:
  // Specify the `disabled` property at control creation time:
  form = new FormGroup({
    first: new FormControl({value: 'Nancy', disabled: true}, Validators.required),
    last: new FormControl('Drew', Validators.required)
  });

  // Controls can also be enabled/disabled after creation:
  form.get('first')?.enable();
  form.get('last')?.disable();
'
[1A[2KWARN: [36m'
  It looks like you're using the disabled attribute with a reactive form directive. If you set disabled to true
  when you set up this control in your component class, the disabled attribute will actually be set in the DOM for
  you. We recommend using this approach to avoid 'changed after checked' errors.

  Example:
  // Specify the `disabled` property at control creation time:
  form = new FormGroup({
    first: new FormControl({value: 'Nancy', disabled: true}, Validators.required),
    last: new FormControl('Drew', Validators.required)
  });

  // Controls can also be enabled/disabled after creation:
  form.get('first')?.enable();
  form.get('last')?.disable();
'[39m
Chrome 141.0.0.0 (Windows 10): Executed 110 of 117[31m (11 FAILED)[39m (0 secs / 4.661 secs)
WARN: '
  It looks like you're using the disabled attribute with a reactive form directive. If you set disabled to true
  when you set up this control in your component class, the disabled attribute will actually be set in the DOM for
  you. We recommend using this approach to avoid 'changed after checked' errors.

  Example:
  // Specify the `disabled` property at control creation time:
  form = new FormGroup({
    first: new FormControl({value: 'Nancy', disabled: true}, Validators.required),
    last: new FormControl('Drew', Validators.required)
  });

  // Controls can also be enabled/disabled after creation:
  form.get('first')?.enable();
  form.get('last')?.disable();
'
[1A[2KChrome 141.0.0.0 (Windows 10): Executed 111 of 117[31m (11 FAILED)[39m (0 secs / 4.672 secs)
[1A[2KWARN: [36m'
  It looks like you're using the disabled attribute with a reactive form directive. If you set disabled to true
  when you set up this control in your component class, the disabled attribute will actually be set in the DOM for
  you. We recommend using this approach to avoid 'changed after checked' errors.

  Example:
  // Specify the `disabled` property at control creation time:
  form = new FormGroup({
    first: new FormControl({value: 'Nancy', disabled: true}, Validators.required),
    last: new FormControl('Drew', Validators.required)
  });

  // Controls can also be enabled/disabled after creation:
  form.get('first')?.enable();
  form.get('last')?.disable();
'[39m
Chrome 141.0.0.0 (Windows 10): Executed 111 of 117[31m (11 FAILED)[39m (0 secs / 4.672 secs)
WARN: '
  It looks like you're using the disabled attribute with a reactive form directive. If you set disabled to true
  when you set up this control in your component class, the disabled attribute will actually be set in the DOM for
  you. We recommend using this approach to avoid 'changed after checked' errors.

  Example:
  // Specify the `disabled` property at control creation time:
  form = new FormGroup({
    first: new FormControl({value: 'Nancy', disabled: true}, Validators.required),
    last: new FormControl('Drew', Validators.required)
  });

  // Controls can also be enabled/disabled after creation:
  form.get('first')?.enable();
  form.get('last')?.disable();
'
[1A[2KWARN: [36m'
  It looks like you're using the disabled attribute with a reactive form directive. If you set disabled to true
  when you set up this control in your component class, the disabled attribute will actually be set in the DOM for
  you. We recommend using this approach to avoid 'changed after checked' errors.

  Example:
  // Specify the `disabled` property at control creation time:
  form = new FormGroup({
    first: new FormControl({value: 'Nancy', disabled: true}, Validators.required),
    last: new FormControl('Drew', Validators.required)
  });

  // Controls can also be enabled/disabled after creation:
  form.get('first')?.enable();
  form.get('last')?.disable();
'[39m
Chrome 141.0.0.0 (Windows 10): Executed 111 of 117[31m (11 FAILED)[39m (0 secs / 4.672 secs)
WARN: '
  It looks like you're using the disabled attribute with a reactive form directive. If you set disabled to true
  when you set up this control in your component class, the disabled attribute will actually be set in the DOM for
  you. We recommend using this approach to avoid 'changed after checked' errors.

  Example:
  // Specify the `disabled` property at control creation time:
  form = new FormGroup({
    first: new FormControl({value: 'Nancy', disabled: true}, Validators.required),
    last: new FormControl('Drew', Validators.required)
  });

  // Controls can also be enabled/disabled after creation:
  form.get('first')?.enable();
  form.get('last')?.disable();
'
[1A[2KChrome 141.0.0.0 (Windows 10): Executed 112 of 117[31m (11 FAILED)[39m (0 secs / 4.68 secs)
[1A[2KWARN: [36m'
  It looks like you're using the disabled attribute with a reactive form directive. If you set disabled to true
  when you set up this control in your component class, the disabled attribute will actually be set in the DOM for
  you. We recommend using this approach to avoid 'changed after checked' errors.

  Example:
  // Specify the `disabled` property at control creation time:
  form = new FormGroup({
    first: new FormControl({value: 'Nancy', disabled: true}, Validators.required),
    last: new FormControl('Drew', Validators.required)
  });

  // Controls can also be enabled/disabled after creation:
  form.get('first')?.enable();
  form.get('last')?.disable();
'[39m
Chrome 141.0.0.0 (Windows 10): Executed 112 of 117[31m (11 FAILED)[39m (0 secs / 4.68 secs)
WARN: '
  It looks like you're using the disabled attribute with a reactive form directive. If you set disabled to true
  when you set up this control in your component class, the disabled attribute will actually be set in the DOM for
  you. We recommend using this approach to avoid 'changed after checked' errors.

  Example:
  // Specify the `disabled` property at control creation time:
  form = new FormGroup({
    first: new FormControl({value: 'Nancy', disabled: true}, Validators.required),
    last: new FormControl('Drew', Validators.required)
  });

  // Controls can also be enabled/disabled after creation:
  form.get('first')?.enable();
  form.get('last')?.disable();
'
[1A[2KWARN: [36m'
  It looks like you're using the disabled attribute with a reactive form directive. If you set disabled to true
  when you set up this control in your component class, the disabled attribute will actually be set in the DOM for
  you. We recommend using this approach to avoid 'changed after checked' errors.

  Example:
  // Specify the `disabled` property at control creation time:
  form = new FormGroup({
    first: new FormControl({value: 'Nancy', disabled: true}, Validators.required),
    last: new FormControl('Drew', Validators.required)
  });

  // Controls can also be enabled/disabled after creation:
  form.get('first')?.enable();
  form.get('last')?.disable();
'[39m
Chrome 141.0.0.0 (Windows 10): Executed 112 of 117[31m (11 FAILED)[39m (0 secs / 4.68 secs)
WARN: '
  It looks like you're using the disabled attribute with a reactive form directive. If you set disabled to true
  when you set up this control in your component class, the disabled attribute will actually be set in the DOM for
  you. We recommend using this approach to avoid 'changed after checked' errors.

  Example:
  // Specify the `disabled` property at control creation time:
  form = new FormGroup({
    first: new FormControl({value: 'Nancy', disabled: true}, Validators.required),
    last: new FormControl('Drew', Validators.required)
  });

  // Controls can also be enabled/disabled after creation:
  form.get('first')?.enable();
  form.get('last')?.disable();
'
[1A[2KChrome 141.0.0.0 (Windows 10): Executed 113 of 117[31m (11 FAILED)[39m (0 secs / 4.69 secs)
[1A[2KWARN: [36m'
  It looks like you're using the disabled attribute with a reactive form directive. If you set disabled to true
  when you set up this control in your component class, the disabled attribute will actually be set in the DOM for
  you. We recommend using this approach to avoid 'changed after checked' errors.

  Example:
  // Specify the `disabled` property at control creation time:
  form = new FormGroup({
    first: new FormControl({value: 'Nancy', disabled: true}, Validators.required),
    last: new FormControl('Drew', Validators.required)
  });

  // Controls can also be enabled/disabled after creation:
  form.get('first')?.enable();
  form.get('last')?.disable();
'[39m
Chrome 141.0.0.0 (Windows 10): Executed 113 of 117[31m (11 FAILED)[39m (0 secs / 4.69 secs)
WARN: '
  It looks like you're using the disabled attribute with a reactive form directive. If you set disabled to true
  when you set up this control in your component class, the disabled attribute will actually be set in the DOM for
  you. We recommend using this approach to avoid 'changed after checked' errors.

  Example:
  // Specify the `disabled` property at control creation time:
  form = new FormGroup({
    first: new FormControl({value: 'Nancy', disabled: true}, Validators.required),
    last: new FormControl('Drew', Validators.required)
  });

  // Controls can also be enabled/disabled after creation:
  form.get('first')?.enable();
  form.get('last')?.disable();
'
[1A[2KWARN: [36m'
  It looks like you're using the disabled attribute with a reactive form directive. If you set disabled to true
  when you set up this control in your component class, the disabled attribute will actually be set in the DOM for
  you. We recommend using this approach to avoid 'changed after checked' errors.

  Example:
  // Specify the `disabled` property at control creation time:
  form = new FormGroup({
    first: new FormControl({value: 'Nancy', disabled: true}, Validators.required),
    last: new FormControl('Drew', Validators.required)
  });

  // Controls can also be enabled/disabled after creation:
  form.get('first')?.enable();
  form.get('last')?.disable();
'[39m
Chrome 141.0.0.0 (Windows 10): Executed 113 of 117[31m (11 FAILED)[39m (0 secs / 4.69 secs)
WARN: '
  It looks like you're using the disabled attribute with a reactive form directive. If you set disabled to true
  when you set up this control in your component class, the disabled attribute will actually be set in the DOM for
  you. We recommend using this approach to avoid 'changed after checked' errors.

  Example:
  // Specify the `disabled` property at control creation time:
  form = new FormGroup({
    first: new FormControl({value: 'Nancy', disabled: true}, Validators.required),
    last: new FormControl('Drew', Validators.required)
  });

  // Controls can also be enabled/disabled after creation:
  form.get('first')?.enable();
  form.get('last')?.disable();
'
[1A[2KChrome 141.0.0.0 (Windows 10): Executed 114 of 117[31m (11 FAILED)[39m (0 secs / 4.701 secs)
[1A[2K[31mChrome 141.0.0.0 (Windows 10) LoginComponent ngOnInit should redirect to /report if already authenticated FAILED[39m
	Error: NG01052: formGroup expects a FormGroup instance. Please pass one in.
	
	      Example:
	
	      
	  <div [formGroup]="myGroup">
	    <input formControlName="firstName">
	  </div>
	
	  In your class:
	
	  this.myGroup = new FormGroup({
	      firstName: new FormControl()
	  });
	error properties: Object({ code: 1052 })
	Error: NG01052: formGroup expects a FormGroup instance. Please pass one in.
	      Example:
	      
	  <div [formGroup]="myGroup">
	    <input formControlName="firstName">
	  </div>
	  In your class:
	  this.myGroup = new FormGroup({
	      firstName: new FormControl()
	  });
	    at missingFormException (node_modules/@angular/forms/fesm2022/forms.mjs:1499:12)
	    at _FormGroupDirective.ngOnChanges (node_modules/@angular/forms/fesm2022/forms.mjs:5125:19)
	    at _FormGroupDirective.rememberChangeHistoryAndInvokeOnChangesHook (node_modules/@angular/core/fesm2022/debug_node.mjs:594:14)
	    at callHookInternal (node_modules/@angular/core/fesm2022/debug_node.mjs:860:14)
	    at callHook (node_modules/@angular/core/fesm2022/debug_node.mjs:891:9)
	    at callHooks (node_modules/@angular/core/fesm2022/debug_node.mjs:841:17)
	    at executeInitAndCheckHooks (node_modules/@angular/core/fesm2022/debug_node.mjs:791:9)
	    at selectIndexInternal (node_modules/@angular/core/fesm2022/debug_node.mjs:7115:17)
	    at ╔╡╔╡advance (node_modules/@angular/core/fesm2022/debug_node.mjs:7098:5)
	    at LoginComponent2_Template (ng:///LoginComponent2.js:98:9)
Chrome 141.0.0.0 (Windows 10): Executed 115 of 117[31m (12 FAILED)[39m (0 secs / 4.798 secs)
[1A[2KWARN: [36m'
  It looks like you're using the disabled attribute with a reactive form directive. If you set disabled to true
  when you set up this control in your component class, the disabled attribute will actually be set in the DOM for
  you. We recommend using this approach to avoid 'changed after checked' errors.

  Example:
  // Specify the `disabled` property at control creation time:
  form = new FormGroup({
    first: new FormControl({value: 'Nancy', disabled: true}, Validators.required),
    last: new FormControl('Drew', Validators.required)
  });

  // Controls can also be enabled/disabled after creation:
  form.get('first')?.enable();
  form.get('last')?.disable();
'[39m
Chrome 141.0.0.0 (Windows 10): Executed 115 of 117[31m (12 FAILED)[39m (0 secs / 4.798 secs)
WARN: '
  It looks like you're using the disabled attribute with a reactive form directive. If you set disabled to true
  when you set up this control in your component class, the disabled attribute will actually be set in the DOM for
  you. We recommend using this approach to avoid 'changed after checked' errors.

  Example:
  // Specify the `disabled` property at control creation time:
  form = new FormGroup({
    first: new FormControl({value: 'Nancy', disabled: true}, Validators.required),
    last: new FormControl('Drew', Validators.required)
  });

  // Controls can also be enabled/disabled after creation:
  form.get('first')?.enable();
  form.get('last')?.disable();
'
[1A[2KWARN: [36m'
  It looks like you're using the disabled attribute with a reactive form directive. If you set disabled to true
  when you set up this control in your component class, the disabled attribute will actually be set in the DOM for
  you. We recommend using this approach to avoid 'changed after checked' errors.

  Example:
  // Specify the `disabled` property at control creation time:
  form = new FormGroup({
    first: new FormControl({value: 'Nancy', disabled: true}, Validators.required),
    last: new FormControl('Drew', Validators.required)
  });

  // Controls can also be enabled/disabled after creation:
  form.get('first')?.enable();
  form.get('last')?.disable();
'[39m
Chrome 141.0.0.0 (Windows 10): Executed 115 of 117[31m (12 FAILED)[39m (0 secs / 4.798 secs)
WARN: '
  It looks like you're using the disabled attribute with a reactive form directive. If you set disabled to true
  when you set up this control in your component class, the disabled attribute will actually be set in the DOM for
  you. We recommend using this approach to avoid 'changed after checked' errors.

  Example:
  // Specify the `disabled` property at control creation time:
  form = new FormGroup({
    first: new FormControl({value: 'Nancy', disabled: true}, Validators.required),
    last: new FormControl('Drew', Validators.required)
  });

  // Controls can also be enabled/disabled after creation:
  form.get('first')?.enable();
  form.get('last')?.disable();
'
[1A[2KChrome 141.0.0.0 (Windows 10): Executed 116 of 117[31m (12 FAILED)[39m (0 secs / 4.807 secs)
[1A[2KWARN: [36m'
  It looks like you're using the disabled attribute with a reactive form directive. If you set disabled to true
  when you set up this control in your component class, the disabled attribute will actually be set in the DOM for
  you. We recommend using this approach to avoid 'changed after checked' errors.

  Example:
  // Specify the `disabled` property at control creation time:
  form = new FormGroup({
    first: new FormControl({value: 'Nancy', disabled: true}, Validators.required),
    last: new FormControl('Drew', Validators.required)
  });

  // Controls can also be enabled/disabled after creation:
  form.get('first')?.enable();
  form.get('last')?.disable();
'[39m
Chrome 141.0.0.0 (Windows 10): Executed 116 of 117[31m (12 FAILED)[39m (0 secs / 4.807 secs)
WARN: '
  It looks like you're using the disabled attribute with a reactive form directive. If you set disabled to true
  when you set up this control in your component class, the disabled attribute will actually be set in the DOM for
  you. We recommend using this approach to avoid 'changed after checked' errors.

  Example:
  // Specify the `disabled` property at control creation time:
  form = new FormGroup({
    first: new FormControl({value: 'Nancy', disabled: true}, Validators.required),
    last: new FormControl('Drew', Validators.required)
  });

  // Controls can also be enabled/disabled after creation:
  form.get('first')?.enable();
  form.get('last')?.disable();
'
[1A[2KWARN: [36m'
  It looks like you're using the disabled attribute with a reactive form directive. If you set disabled to true
  when you set up this control in your component class, the disabled attribute will actually be set in the DOM for
  you. We recommend using this approach to avoid 'changed after checked' errors.

  Example:
  // Specify the `disabled` property at control creation time:
  form = new FormGroup({
    first: new FormControl({value: 'Nancy', disabled: true}, Validators.required),
    last: new FormControl('Drew', Validators.required)
  });

  // Controls can also be enabled/disabled after creation:
  form.get('first')?.enable();
  form.get('last')?.disable();
'[39m
Chrome 141.0.0.0 (Windows 10): Executed 116 of 117[31m (12 FAILED)[39m (0 secs / 4.807 secs)
WARN: '
  It looks like you're using the disabled attribute with a reactive form directive. If you set disabled to true
  when you set up this control in your component class, the disabled attribute will actually be set in the DOM for
  you. We recommend using this approach to avoid 'changed after checked' errors.

  Example:
  // Specify the `disabled` property at control creation time:
  form = new FormGroup({
    first: new FormControl({value: 'Nancy', disabled: true}, Validators.required),
    last: new FormControl('Drew', Validators.required)
  });

  // Controls can also be enabled/disabled after creation:
  form.get('first')?.enable();
  form.get('last')?.disable();
'
[1A[2KChrome 141.0.0.0 (Windows 10): Executed 117 of 117[31m (12 FAILED)[39m (0 secs / 4.816 secs)
[1A[2KChrome 141.0.0.0 (Windows 10): Executed 117 of 117[31m (12 FAILED)[39m (4.946 secs / 4.816 secs)
[31mTOTAL: 12 FAILED, 105 SUCCESS[39m
